[04:25:05] === Trustpilot VOC Auto-Scan 2026-06-19 ===
[04:25:05] Focus: meepoboard-eu.com, 59 brands across 59 URLs
[04:25:05] [1/4] Direct browser scraping...
[04:25:05] Launching browser (undetected-chromedriver)...
[13:03:46] === Trustpilot VOC Auto-Scan 2026-06-19 ===
[13:03:46] Focus: meepoboard-eu.com, 59 brands across 59 URLs
[13:03:46] [1/4] Direct browser scraping...
[13:03:46] Launching browser (undetected-chromedriver)...
[14:58:17] === Trustpilot VOC Auto-Scan 2026-06-19 ===
[14:58:17] Focus: meepoboard-eu.com, 59 brands across 59 URLs
[14:58:17] [1/4] Direct browser scraping...
[14:58:17] Launching browser (undetected-chromedriver)...
[14:58:29]   [1/59] meepoboard-eu.com...
[14:59:09]     3.7/5, 6 reviews, 4 scraped
[14:59:11]   [2/59] meepoboard.com...
[14:59:17]     3.6/5, 368 reviews, 20 scraped
[14:59:19]   [3/59] exwayboard.com...
[14:59:36]     2.6/5, 79 reviews, 20 scraped
[14:59:38]   [4/59] exwayboardusa.com...
[14:59:44]     2.6/5, 9 reviews, 8 scraped
[14:59:46]   [5/59] backfireboards.com...
[14:59:52]     3.2/5, 19 reviews, 17 scraped
[14:59:54]   [6/59] backfireboardsusa.com...
[15:00:00]     4.2/5, 19 reviews, 17 scraped
[15:00:02]   [7/59] maxfind.com...
[15:00:09]     3.9/5, 136 reviews, 20 scraped
[15:00:11]   [8/59] evolveskateboards.com.au...
[15:00:40]     2.6/5, 156 reviews, 20 scraped
[15:00:42]   [9/59] evolveskateboardsuk.co.uk...
[15:00:49]     2.2/5, 15 reviews, 15 scraped
[15:00:51]   [10/59] evolveskateboardsusa.com...
[15:00:57]     2.1/5, 14 reviews, 13 scraped
[15:00:59]   [11/59] tyneeboard.com...
[15:01:05]     4.8/5, 127 reviews, 20 scraped
[15:01:07]   [12/59] ownboard.net...
[15:01:13]     4.4/5, 32 reviews, 20 scraped
[15:01:15]   [13/59] kukiringlobal.com...
[15:01:22]     4.2/5, 95 reviews, 20 scraped
[15:01:24]   [14/59] kukirin-scooter.com...
[15:01:30]     3.0/5, 480 reviews, 20 scraped
[15:01:32]   [15/59] kukirin.es...
[15:01:38]     3.1/5, 78 reviews, 2 scraped
[15:01:40]   [16/59] kukirin-scooter.pl...
[15:01:46]     4.8/5, 50 reviews, 20 scraped
[15:01:48]   [17/59] spelling.dk...
[15:01:53]     4.8/5, 76 reviews, 2 scraped
[15:01:55]   [18/59] kukirin-escooter.com...
[15:02:02]     4.6/5, 418 reviews, 20 scraped
[15:02:04]   [19/59] ku-kirin.it...
[15:02:09]     4.6/5, 35 reviews, 20 scraped
[15:02:11]   [20/59] kukirin-escooters.com...
[15:02:17]     4.5/5, 149 reviews, 20 scraped
[15:02:19]   [21/59] kukirin-it.com...
[15:02:24]     4.4/5, 19 reviews, 3 scraped
[15:02:26]   [22/59] kukirin-officiel.com...
[15:02:32]     3.7/5, 22 reviews, 1 scraped
[15:02:34]   [23/59] kugooescooters.com...
[15:02:39]     3.7/5, 1290 reviews, 20 scraped
[15:02:41]   [24/59] kugoo-spain.com...
[15:02:47]     1.7/5, 304 reviews, 6 scraped
[15:02:49]   [25/59] kugoo-scooter.com...
[15:02:55]     1.4/5, 189 reviews, 20 scraped
[15:02:57]   [26/59] kugoo.eu...
[15:03:03]     3.6/5, 79 reviews, 20 scraped
[15:03:05]   [27/59] officialkugookukirin.co.uk...
[15:03:11]     4.0/5, 26 reviews, 20 scraped
[15:03:13]   [28/59] kugooscooter.uk...
[15:03:18]     1.8/5, 19 reviews, 19 scraped
[15:03:20]   [29/59] kugookirineu.com...
[15:03:26]     2.7/5, 15 reviews, 7 scraped
[15:03:28]   [30/59] kugoo-escooter.com...
[15:03:33]     3.9/5, 14 reviews, 13 scraped
[15:03:35]   [31/59] kukirin-escooter.eu...
[15:03:41]     4.3/5, 7 reviews, 3 scraped
[15:03:43]   [32/59] kukirintrottinette.com...
[15:03:48]     4.0/5, 4 reviews, 4 scraped
[15:03:50]   [33/59] kukirinescooter.co.uk...
[15:03:56]     4.0/5, 4 reviews, 4 scraped
[15:03:58]   [34/59] kukirin.se...
[15:04:03]     3.6/5, 3 reviews, 3 scraped
[15:04:05]   [35/59] kukirin.eu...
[15:04:11]     3.8/5, 2 reviews, 2 scraped
[15:04:13]   [36/59] kukirin.pt...
[15:04:18]     2.9/5, 2 reviews, 2 scraped
[15:04:20]   [37/59] kukirin.ca...
[15:04:26]     3.7/5, 1 reviews, 1 scraped
[15:04:28]   [38/59] kukirin.com...
[15:04:34]     3.2/5, 1 reviews, 1 scraped
[15:04:36]   [39/59] kukirin-eu.com...
[15:04:41]     3.6/5, 1 reviews, 1 scraped
[15:04:43]   [40/59] kukirinscooter.eu...
[15:04:49]     3.2/5, 1 reviews, 1 scraped
[15:04:51]   [41/59] kukirin-italy.com...
[15:04:57]     4.5/5, 13 reviews, 13 scraped
[15:04:59]   [42/59] kukirin-geneve.ch...
[15:05:05]     No data extracted
[15:05:05]   [43/59] kukirin-hrvatska.com...
[15:05:10]     No data extracted
[15:05:10]   [44/59] kukirinpl.com...
[15:05:16]     No data extracted
[15:05:16]   [45/59] kukirinro.com...
[15:05:22]     No data extracted
[15:05:22]   [46/59] kukirinescootereu.com...
[15:05:28]     No data extracted
[15:05:28]   [47/59] kukirinprime.com...
[15:05:36]     No data extracted
[15:05:36]   [48/59] kukirinscooter-eu.com...
[15:05:43]     No data extracted
[15:05:43]   [49/59] kukirinofficial.com...
[15:05:49]     No data extracted
[15:05:49]   [50/59] kugooescooter.com...
[15:05:54]     3.6/5, 9 reviews, 4 scraped
[15:05:56]   [51/59] kugoofrance.com...
[15:06:02]     3.8/5, 3 reviews, 3 scraped
[15:06:04]   [52/59] kugoo-officiel.com...
[15:06:10]     2.9/5, 2 reviews, 2 scraped
[15:06:12]   [53/59] kugoo-ireland.com...
[15:06:18]     3.2/5, 1 reviews, 1 scraped
[15:06:20]   [54/59] kugoousa.com...
[15:06:25]     3.2/5, 1 reviews, 1 scraped
[15:06:27]   [55/59] kugooscooter-uk.com...
[15:06:32]     3.7/5, 1 reviews, 1 scraped
[15:06:34]   [56/59] kugooitaly.com...
[15:06:39]     No data extracted
[15:06:39]   [57/59] kugookukirin.com...
[15:06:44]     No data extracted
[15:06:44]   [58/59] kukirin-fr.com...
[15:06:50]     No data extracted
[15:06:50]   [59/59] kukirinscooter-uk.com...
[15:06:56]     2.4/5, 41 reviews, 20 scraped
[15:06:59] Scrape done: 514 reviews total, 48 brands, 11 failed
[15:06:59] [2/4] Fetching complete.
[15:06:59] [3/4] Aggregating brand stats...
[15:06:59]   meepoboard-eu.com: 3.7/5 (6 reviews) [yellow] | themes: +4/-1
[15:06:59]   meepoboard.com: 3.6/5 (368 reviews) [yellow] | themes: +4/-4
[15:06:59]   exwayboard.com: 2.6/5 (79 reviews) [red] | themes: +4/-4
[15:06:59]   exwayboardusa.com: 2.6/5 (9 reviews) [red] | themes: +4/-2
[15:06:59]   backfireboards.com: 3.2/5 (19 reviews) [yellow] | themes: +4/-4
[15:06:59]   backfireboardsusa.com: 4.2/5 (19 reviews) [green] | themes: +4/-4
[15:06:59]   maxfind.com: 3.9/5 (136 reviews) [yellow] | themes: +4/-4
[15:06:59]   evolveskateboards.com.au: 2.6/5 (156 reviews) [red] | themes: +4/-4
[15:06:59]   evolveskateboardsuk.co.uk: 2.2/5 (15 reviews) [red] | themes: +4/-4
[15:07:00]   evolveskateboardsusa.com: 2.1/5 (14 reviews) [red] | themes: +4/-4
[15:07:00]   tyneeboard.com: 4.8/5 (127 reviews) [green] | themes: +4/-2
[15:07:00]   ownboard.net: 4.4/5 (32 reviews) [green] | themes: +4/-4
[15:07:00]   kukiringlobal.com: 4.2/5 (95 reviews) [green] | themes: +4/-2
[15:07:00]   kukirin-scooter.com: 3.0/5 (480 reviews) [yellow] | themes: +4/-3
[15:07:00]   kukirin.es: 3.1/5 (78 reviews) [yellow] | themes: +0/-0
[15:07:00]   kukirin-scooter.pl: 4.8/5 (50 reviews) [green] | themes: +0/-0
[15:07:00]   spelling.dk: 4.8/5 (76 reviews) [green] | themes: +1/-0
[15:07:00]   kukirin-escooter.com: 4.6/5 (418 reviews) [green] | themes: +4/-2
[15:07:00]   ku-kirin.it: 4.6/5 (35 reviews) [green] | themes: +0/-0
[15:07:00]   kukirin-escooters.com: 4.5/5 (149 reviews) [green] | themes: +4/-1
[15:07:00]   kukirin-it.com: 4.4/5 (19 reviews) [green] | themes: +1/-0
[15:07:00]   kukirin-officiel.com: 3.7/5 (22 reviews) [yellow] | themes: +0/-0
[15:07:00]   kugooescooters.com: 3.7/5 (1290 reviews) [yellow] | themes: +4/-1
[15:07:00]   kugoo-spain.com: 1.7/5 (304 reviews) [red] | themes: +4/-1
[15:07:00]   kugoo-scooter.com: 1.4/5 (189 reviews) [red] | themes: +4/-4
[15:07:00]   kugoo.eu: 3.6/5 (79 reviews) [yellow] | themes: +4/-3
[15:07:00]   officialkugookukirin.co.uk: 4.0/5 (26 reviews) [green] | themes: +4/-1
[15:07:00]   kugooscooter.uk: 1.8/5 (19 reviews) [red] | themes: +4/-3
[15:07:00]   kugookirineu.com: 2.7/5 (15 reviews) [red] | themes: +2/-0
[15:07:00]   kugoo-escooter.com: 3.9/5 (14 reviews) [yellow] | themes: +4/-3
[15:07:00]   kukirin-escooter.eu: 4.3/5 (7 reviews) [green] | themes: +1/-0
[15:07:00]   kukirintrottinette.com: 4.0/5 (4 reviews) [green] | themes: +1/-0
[15:07:00]   kukirinescooter.co.uk: 4.0/5 (4 reviews) [green] | themes: +4/-0
[15:07:00]   kukirin.se: 3.6/5 (3 reviews) [yellow] | themes: +0/-0
[15:07:00]   kukirin.eu: 3.8/5 (2 reviews) [yellow] | themes: +4/-0
[15:07:00]   kukirin.pt: 2.9/5 (2 reviews) [red] | themes: +0/-0
[15:07:00]   kukirin.ca: 3.7/5 (1 reviews) [yellow] | themes: +0/-0
[15:07:00]   kukirin.com: 3.2/5 (1 reviews) [yellow] | themes: +0/-0
[15:07:00]   kukirin-eu.com: 3.6/5 (1 reviews) [yellow] | themes: +0/-0
[15:07:00]   kukirinscooter.eu: 3.2/5 (1 reviews) [yellow] | themes: +0/-0
[15:07:00]   kukirin-italy.com: 4.5/5 (13 reviews) [green] | themes: +1/-0
[15:07:00]   kukirin-geneve.ch: skipped (no data)
[15:07:00]   kukirin-hrvatska.com: skipped (no data)
[15:07:00]   kukirinpl.com: skipped (no data)
[15:07:00]   kukirinro.com: skipped (no data)
[15:07:00]   kukirinescootereu.com: skipped (no data)
[15:07:00]   kukirinprime.com: skipped (no data)
[15:07:00]   kukirinscooter-eu.com: skipped (no data)
[15:07:00]   kukirinofficial.com: skipped (no data)
[15:07:00]   kugooescooter.com: 3.6/5 (9 reviews) [yellow] | themes: +2/-2
[15:07:00]   kugoofrance.com: 3.8/5 (3 reviews) [yellow] | themes: +0/-0
[15:07:00]   kugoo-officiel.com: 2.9/5 (2 reviews) [red] | themes: +0/-0
[15:07:00]   kugoo-ireland.com: 3.2/5 (1 reviews) [yellow] | themes: +4/-1
[15:07:00]   kugoousa.com: 3.2/5 (1 reviews) [yellow] | themes: +0/-0
[15:07:00]   kugooscooter-uk.com: 3.7/5 (1 reviews) [yellow] | themes: +1/-0
[15:07:00]   kugooitaly.com: skipped (no data)
[15:07:00]   kugookukirin.com: skipped (no data)
[15:07:00]   kukirin-fr.com: skipped (no data)
[15:07:00]   kukirinscooter-uk.com: 2.4/5 (41 reviews) [red] | themes: +4/-3
[15:07:00] Aggregated 48/59 brands
[15:07:00] Missing this run: kukirin-geneve.ch, kukirin-hrvatska.com, kukirinpl.com, kukirinro.com, kukirinescootereu.com, kukirinprime.com, kukirinscooter-eu.com, kukirinofficial.com, kugooitaly.com, kugookukirin.com, kukirin-fr.com
[15:07:00] Saved 514 review samples to 2026-06-19-reviews.json
[15:07:00] [4/4] Merging & deploying...
[15:07:00] Merged deep analysis from: 2026-06-18.json
[15:07:00] Preserved 11 stale brands from historical data
[15:07:00] Upgrade recommended: 评论总量4435条 > 500条阈值，建议全量分析; 风险品牌评分在2.0-3.5区间: exwayboard.com(2.6), exwayboardusa.com(2.6), backfireboards.com(3.2); 10个品牌评论≥100条，竞品密度适合深度对比
[15:07:00] JSON: D:\Ai\projects\trustpilot\trustpilot-voc\2026-06-19.json
[15:07:00] Skipping inject (--no-inject, pipeline will handle)
[15:07:00] Reddit data: 2026-06-19-reddit.json → reddit.json
[15:07:00] Skipping deploy (--no-inject, pipeline will handle)
[15:07:00] === Done ===
[15:07:00] URL: https://trustpilot-voc.vercel.app
