[09:12:10] === Trustpilot VOC Auto-Scan 2026-06-17 ===
[09:12:10] Focus: meepoboard-eu.com, 57 brands across 57 URLs
[09:12:10] [1/4] Direct browser scraping...
[09:12:10] Launching browser (undetected-chromedriver)...
[09:14:11] === Trustpilot VOC Auto-Scan 2026-06-17 ===
[09:14:11] Focus: meepoboard-eu.com, 57 brands across 57 URLs
[09:14:11] [1/4] Direct browser scraping...
[09:14:11] Launching browser (undetected-chromedriver)...
[09:15:37] === Trustpilot VOC Auto-Scan 2026-06-17 ===
[09:15:37] Focus: meepoboard-eu.com, 57 brands across 57 URLs
[09:15:37] [1/4] Direct browser scraping...
[09:15:37] Launching browser (undetected-chromedriver)...
[13:11:56] === Trustpilot VOC Auto-Scan 2026-06-17 ===
[13:11:56] Focus: meepoboard-eu.com, 59 brands across 59 URLs
[13:11:56] [1/4] Direct browser scraping...
[13:11:56] Launching browser (undetected-chromedriver)...
[13:12:07]   [1/59] meepoboard-eu.com...
[13:12:20]     3.6/5, 5 reviews, 3 scraped
[13:12:22]   [2/59] meepoboard.com...
[13:12:28]     3.6/5, 368 reviews, 20 scraped
[13:12:30]   [3/59] exwayboard.com...
[13:12:35]     2.6/5, 79 reviews, 20 scraped
[13:12:37]   [4/59] exwayboardusa.com...
[13:12:43]     2.6/5, 9 reviews, 8 scraped
[13:12:45]   [5/59] backfireboards.com...
[13:12:51]     3.2/5, 19 reviews, 17 scraped
[13:12:53]   [6/59] backfireboardsusa.com...
[13:12:58]     4.2/5, 19 reviews, 17 scraped
[13:13:00]   [7/59] maxfind.com...
[13:13:06]     3.9/5, 136 reviews, 20 scraped
[13:13:08]   [8/59] evolveskateboards.com.au...
[13:13:14]     2.6/5, 156 reviews, 20 scraped
[13:13:16]   [9/59] evolveskateboardsuk.co.uk...
[13:13:21]     2.2/5, 15 reviews, 15 scraped
[13:13:23]   [10/59] evolveskateboardsusa.com...
[13:13:29]     2.1/5, 14 reviews, 13 scraped
[13:13:31]   [11/59] tyneeboard.com...
[13:13:40]     4.8/5, 126 reviews, 20 scraped
[13:13:42]   [12/59] ownboard.net...
[13:13:48]     4.4/5, 32 reviews, 20 scraped
[13:13:50]   [13/59] kukiringlobal.com...
[13:13:55]     4.2/5, 95 reviews, 20 scraped
[13:13:57]   [14/59] kukirin-scooter.com...
[13:14:03]     3.0/5, 477 reviews, 20 scraped
[13:14:05]   [15/59] kukirin.es...
[13:14:21]     3.0/5, 77 reviews, 2 scraped
[13:14:23]   [16/59] kukirin-scooter.pl...
[13:14:29]     4.8/5, 45 reviews, 20 scraped
[13:14:31]   [17/59] spelling.dk...
[13:14:36]     4.8/5, 75 reviews, 2 scraped
[13:14:38]   [18/59] kukirin-escooter.com...
[13:14:43]     4.6/5, 414 reviews, 20 scraped
[13:14:45]   [19/59] ku-kirin.it...
[13:14:50]     4.6/5, 35 reviews, 20 scraped
[13:14:52]   [20/59] kukirin-escooters.com...
[13:14:58]     4.5/5, 148 reviews, 20 scraped
[13:15:00]   [21/59] kukirin-it.com...
[13:15:06]     4.4/5, 19 reviews, 3 scraped
[13:15:08]   [22/59] kukirin-officiel.com...
[13:15:13]     3.6/5, 20 reviews, 1 scraped
[13:15:15]   [23/59] kugooescooters.com...
[13:15:20]     3.7/5, 1278 reviews, 20 scraped
[13:15:22]   [24/59] kugoo-spain.com...
[13:15:28]     1.7/5, 304 reviews, 6 scraped
[13:15:30]   [25/59] kugoo-scooter.com...
[13:15:35]     1.4/5, 189 reviews, 20 scraped
[13:15:37]   [26/59] kugoo.eu...
[13:15:42]     3.6/5, 79 reviews, 20 scraped
[13:15:44]   [27/59] officialkugookukirin.co.uk...
[13:15:50]     4.0/5, 26 reviews, 20 scraped
[13:15:52]   [28/59] kugooscooter.uk...
[13:15:57]     1.8/5, 19 reviews, 19 scraped
[13:15:59]   [29/59] kugookirineu.com...
[13:16:04]     2.7/5, 15 reviews, 7 scraped
[13:16:06]   [30/59] kugoo-escooter.com...
[13:16:12]     3.9/5, 14 reviews, 13 scraped
[13:16:14]   [31/59] kukirin-escooter.eu...
[13:16:19]     4.3/5, 7 reviews, 3 scraped
[13:16:21]   [32/59] kukirintrottinette.com...
[13:16:26]     4.0/5, 4 reviews, 4 scraped
[13:16:28]   [33/59] kukirinescooter.co.uk...
[13:16:33]     4.0/5, 4 reviews, 4 scraped
[13:16:35]   [34/59] kukirin.se...
[13:16:41]     3.6/5, 3 reviews, 3 scraped
[13:16:43]   [35/59] kukirin.eu...
[13:16:48]     3.8/5, 2 reviews, 2 scraped
[13:16:50]   [36/59] kukirin.pt...
[13:16:55]     2.9/5, 2 reviews, 2 scraped
[13:16:57]   [37/59] kukirin.ca...
[13:17:02]     3.7/5, 1 reviews, 1 scraped
[13:17:04]   [38/59] kukirin.com...
[13:17:09]     3.2/5, 1 reviews, 1 scraped
[13:17:11]   [39/59] kukirin-eu.com...
[13:17:16]     3.6/5, 1 reviews, 1 scraped
[13:17:18]   [40/59] kukirinscooter.eu...
[13:17:24]     3.2/5, 1 reviews, 1 scraped
[13:17:26]   [41/59] kukirin-italy.com...
[13:17:32]     4.4/5, 12 reviews, 12 scraped
[13:17:34]   [42/59] kukirin-geneve.ch...
[13:17:39]     No data extracted
[13:17:39]   [43/59] kukirin-hrvatska.com...
[13:17:44]     No data extracted
[13:17:44]   [44/59] kukirinpl.com...
[13:17:50]     No data extracted
[13:17:50]   [45/59] kukirinro.com...
[13:17:55]     No data extracted
[13:17:55]   [46/59] kukirinescootereu.com...
[13:18:00]     No data extracted
[13:18:00]   [47/59] kukirinprime.com...
[13:18:06]     No data extracted
[13:18:06]   [48/59] kukirinscooter-eu.com...
[13:18:11]     No data extracted
[13:18:11]   [49/59] kukirinofficial.com...
[13:18:16]     No data extracted
[13:18:16]   [50/59] kugooescooter.com...
[13:18:21]     3.6/5, 9 reviews, 4 scraped
[13:18:23]   [51/59] kugoofrance.com...
[13:18:29]     3.8/5, 3 reviews, 3 scraped
[13:18:31]   [52/59] kugoo-officiel.com...
[13:18:36]     2.9/5, 2 reviews, 2 scraped
[13:18:38]   [53/59] kugoo-ireland.com...
[13:18:43]     3.2/5, 1 reviews, 1 scraped
[13:18:45]   [54/59] kugoousa.com...
[13:18:50]     3.2/5, 1 reviews, 1 scraped
[13:18:52]   [55/59] kugooscooter-uk.com...
[13:18:58]     3.7/5, 1 reviews, 1 scraped
[13:19:00]   [56/59] kugooitaly.com...
[13:19:04]     No data extracted
[13:19:04]   [57/59] kugookukirin.com...
[13:19:09]     No data extracted
[13:19:09]   [58/59] kukirin-fr.com...
[13:19:14]     No data extracted
[13:19:14]   [59/59] kukirinscooter-uk.com...
[13:19:20]     2.4/5, 40 reviews, 20 scraped
[13:19:22] Scrape done: 512 reviews total, $0.00 cost, 11 failed
[13:19:22] [2/4] Fetching complete.
[13:19:22] [3/4] Aggregating brand stats...
[13:19:22]   meepoboard-eu.com: 3.3/5 (3 reviews) [yellow] | themes: +1/-1
[13:19:22]   meepoboard.com: 4.0/5 (20 reviews) [green] | themes: +4/-4
[13:19:22]   exwayboard.com: 1.4/5 (20 reviews) [red] | themes: +4/-4
[13:19:22]   exwayboardusa.com: 3.4/5 (8 reviews) [yellow] | themes: +4/-2
[13:19:22]   backfireboards.com: 3.0/5 (17 reviews) [yellow] | themes: +4/-4
[13:19:22]   backfireboardsusa.com: 4.0/5 (17 reviews) [green] | themes: +4/-4
[13:19:22]   maxfind.com: 4.3/5 (20 reviews) [green] | themes: +4/-4
[13:19:22]   evolveskateboards.com.au: 2.0/5 (20 reviews) [red] | themes: +4/-4
[13:19:22]   evolveskateboardsuk.co.uk: 2.9/5 (15 reviews) [red] | themes: +4/-4
[13:19:22]   evolveskateboardsusa.com: 4.0/5 (13 reviews) [green] | themes: +4/-4
[13:19:22]   tyneeboard.com: 4.8/5 (20 reviews) [green] | themes: +4/-2
[13:19:22]   ownboard.net: 1.8/5 (20 reviews) [red] | themes: +4/-4
[13:19:22]   kukiringlobal.com: 4.4/5 (20 reviews) [green] | themes: +4/-2
[13:19:22]   kukirin-scooter.com: 3.1/5 (20 reviews) [yellow] | themes: +4/-4
[13:19:22]   kukirin.es: 3.0/5 (2 reviews) [yellow] | themes: +0/-0
[13:19:22]   kukirin-scooter.pl: 5.0/5 (20 reviews) [green] | themes: +0/-0
[13:19:22]   spelling.dk: 3.0/5 (2 reviews) [yellow] | themes: +1/-0
[13:19:22]   kukirin-escooter.com: 4.3/5 (20 reviews) [green] | themes: +4/-1
[13:19:22]   ku-kirin.it: 4.9/5 (20 reviews) [green] | themes: +0/-0
[13:19:22]   kukirin-escooters.com: 4.5/5 (20 reviews) [green] | themes: +4/-1
[13:19:22]   kukirin-it.com: 5.0/5 (3 reviews) [green] | themes: +1/-0
[13:19:22]   kukirin-officiel.com: 1.0/5 (1 reviews) [red] | themes: +0/-0
[13:19:22]   kugooescooters.com: 3.1/5 (20 reviews) [yellow] | themes: +4/-3
[13:19:22]   kugoo-spain.com: 2.7/5 (6 reviews) [red] | themes: +4/-1
[13:19:22]   kugoo-scooter.com: 1.2/5 (20 reviews) [red] | themes: +4/-4
[13:19:22]   kugoo.eu: 4.0/5 (20 reviews) [green] | themes: +4/-3
[13:19:22]   officialkugookukirin.co.uk: 4.4/5 (20 reviews) [green] | themes: +4/-1
[13:19:22]   kugooscooter.uk: 1.5/5 (19 reviews) [red] | themes: +4/-3
[13:19:22]   kugookirineu.com: 2.9/5 (7 reviews) [red] | themes: +2/-0
[13:19:22]   kugoo-escooter.com: 4.4/5 (13 reviews) [green] | themes: +4/-3
[13:19:22]   kukirin-escooter.eu: 5.0/5 (3 reviews) [green] | themes: +1/-0
[13:19:22]   kukirintrottinette.com: 5.0/5 (4 reviews) [green] | themes: +1/-0
[13:19:22]   kukirinescooter.co.uk: 4.8/5 (4 reviews) [green] | themes: +4/-0
[13:19:22]   kukirin.se: 3.7/5 (3 reviews) [yellow] | themes: +0/-0
[13:19:22]   kukirin.eu: 5.0/5 (2 reviews) [green] | themes: +4/-0
[13:19:22]   kukirin.pt: 1.0/5 (2 reviews) [red] | themes: +0/-0
[13:19:22]   kukirin.ca: 5.0/5 (1 reviews) [green] | themes: +0/-0
[13:19:22]   kukirin.com: 1.0/5 (1 reviews) [red] | themes: +0/-0
[13:19:22]   kukirin-eu.com: 4.0/5 (1 reviews) [green] | themes: +0/-0
[13:19:22]   kukirinscooter.eu: 1.0/5 (1 reviews) [red] | themes: +0/-0
[13:19:22]   kukirin-italy.com: 5.0/5 (12 reviews) [green] | themes: +1/-0
[13:19:22]   kukirin-geneve.ch: skipped (no data)
[13:19:22]   kukirin-hrvatska.com: skipped (no data)
[13:19:22]   kukirinpl.com: skipped (no data)
[13:19:22]   kukirinro.com: skipped (no data)
[13:19:22]   kukirinescootereu.com: skipped (no data)
[13:19:22]   kukirinprime.com: skipped (no data)
[13:19:22]   kukirinscooter-eu.com: skipped (no data)
[13:19:22]   kukirinofficial.com: skipped (no data)
[13:19:22]   kugooescooter.com: 4.8/5 (4 reviews) [green] | themes: +2/-2
[13:19:22]   kugoofrance.com: 3.3/5 (3 reviews) [yellow] | themes: +0/-0
[13:19:22]   kugoo-officiel.com: 1.0/5 (2 reviews) [red] | themes: +0/-0
[13:19:22]   kugoo-ireland.com: 1.0/5 (1 reviews) [red] | themes: +4/-1
[13:19:22]   kugoousa.com: 1.0/5 (1 reviews) [red] | themes: +0/-0
[13:19:22]   kugooscooter-uk.com: 5.0/5 (1 reviews) [green] | themes: +1/-0
[13:19:22]   kugooitaly.com: skipped (no data)
[13:19:22]   kugookukirin.com: skipped (no data)
[13:19:22]   kukirin-fr.com: skipped (no data)
[13:19:22]   kukirinscooter-uk.com: 2.1/5 (20 reviews) [red] | themes: +4/-3
[13:19:22] Aggregated 48/59 brands
[13:19:22] Saved 512 review samples to 2026-06-17-reviews.json
[13:19:22] [4/4] Merging & deploying...
[13:19:22] Merged deep analysis from: 2026-06-16.json
[13:19:22] JSON: D:\Ai\projects\trustpilot\trustpilot-voc\2026-06-17.json
[13:19:22] Upgrade recommended: 评论总量512条 > 500条阈值，建议全量分析; 风险品牌评分在2.0-3.5区间: exwayboardusa.com(3.4), backfireboards.com(3.0), evolveskateboards.com.au(2.0)
[13:19:22] Skipping inject (--no-inject, pipeline will handle)
[13:19:22] Reddit data: 2026-06-17-reddit.json → reddit.json
[13:19:22] Skipping deploy (--no-inject, pipeline will handle)
[13:19:22] === Done ===
[13:19:22] URL: https://trustpilot-voc.vercel.app
[22:36:53] === Trustpilot VOC Auto-Scan 2026-06-17 ===
[22:36:53] Focus: meepoboard-eu.com, 59 brands across 59 URLs
[22:36:53] [1/4] Direct browser scraping...
[22:36:53] Launching browser (undetected-chromedriver)...
[22:37:05]   [1/59] meepoboard-eu.com...
[22:37:19]     3.6/5, 5 reviews, 3 scraped
[22:37:21]   [2/59] meepoboard.com...
[22:37:28]     3.6/5, 368 reviews, 20 scraped
[22:37:30]   [3/59] exwayboard.com...
[22:37:35]     2.6/5, 79 reviews, 20 scraped
[22:37:37]   [4/59] exwayboardusa.com...
[22:37:42]     2.6/5, 9 reviews, 8 scraped
[22:37:44]   [5/59] backfireboards.com...
[22:37:51]     3.2/5, 19 reviews, 17 scraped
[22:37:53]   [6/59] backfireboardsusa.com...
[22:37:58]     4.2/5, 19 reviews, 17 scraped
[22:38:00]   [7/59] maxfind.com...
[22:38:09]     3.9/5, 136 reviews, 20 scraped
[22:38:11]   [8/59] evolveskateboards.com.au...
[22:38:17]     2.6/5, 156 reviews, 20 scraped
[22:38:19]   [9/59] evolveskateboardsuk.co.uk...
[22:38:25]     2.2/5, 15 reviews, 15 scraped
[22:38:27]   [10/59] evolveskateboardsusa.com...
[22:38:35]     2.1/5, 14 reviews, 13 scraped
[22:38:37]   [11/59] tyneeboard.com...
[22:38:43]     4.8/5, 127 reviews, 20 scraped
[22:38:45]   [12/59] ownboard.net...
[22:38:50]     4.4/5, 32 reviews, 20 scraped
[22:38:52]   [13/59] kukiringlobal.com...
[22:38:58]     4.2/5, 95 reviews, 20 scraped
[22:39:00]   [14/59] kukirin-scooter.com...
[22:39:06]     3.0/5, 479 reviews, 20 scraped
[22:39:08]   [15/59] kukirin.es...
[22:39:13]     3.1/5, 78 reviews, 2 scraped
[22:39:15]   [16/59] kukirin-scooter.pl...
[22:39:21]     4.8/5, 46 reviews, 20 scraped
[22:39:23]   [17/59] spelling.dk...
[22:39:28]     4.8/5, 75 reviews, 2 scraped
[22:39:30]   [18/59] kukirin-escooter.com...
[22:39:36]     4.6/5, 417 reviews, 20 scraped
[22:39:38]   [19/59] ku-kirin.it...
[22:39:44]     4.6/5, 35 reviews, 20 scraped
[22:39:46]   [20/59] kukirin-escooters.com...
[22:39:51]     4.5/5, 148 reviews, 20 scraped
[22:39:53]   [21/59] kukirin-it.com...
[22:39:59]     4.4/5, 19 reviews, 3 scraped
[22:40:01]   [22/59] kukirin-officiel.com...
[22:40:06]     3.6/5, 20 reviews, 1 scraped
[22:40:08]   [23/59] kugooescooters.com...
[22:40:14]     3.7/5, 1282 reviews, 20 scraped
[22:40:16]   [24/59] kugoo-spain.com...
[22:40:22]     1.7/5, 304 reviews, 6 scraped
[22:40:24]   [25/59] kugoo-scooter.com...
[22:40:30]     1.4/5, 189 reviews, 20 scraped
[22:40:32]   [26/59] kugoo.eu...
[22:40:39]     3.6/5, 79 reviews, 20 scraped
[22:40:41]   [27/59] officialkugookukirin.co.uk...
[22:40:47]     4.0/5, 26 reviews, 20 scraped
[22:40:49]   [28/59] kugooscooter.uk...
[22:40:55]     1.8/5, 19 reviews, 19 scraped
[22:40:57]   [29/59] kugookirineu.com...
[22:41:03]     2.7/5, 15 reviews, 7 scraped
[22:41:05]   [30/59] kugoo-escooter.com...
[22:41:12]     3.9/5, 14 reviews, 13 scraped
[22:41:14]   [31/59] kukirin-escooter.eu...
[22:41:20]     4.3/5, 7 reviews, 3 scraped
[22:41:22]   [32/59] kukirintrottinette.com...
[22:41:28]     4.0/5, 4 reviews, 4 scraped
[22:41:30]   [33/59] kukirinescooter.co.uk...
[22:41:37]     4.0/5, 4 reviews, 4 scraped
[22:41:39]   [34/59] kukirin.se...
[22:41:44]     3.6/5, 3 reviews, 3 scraped
[22:41:46]   [35/59] kukirin.eu...
[22:41:52]     3.8/5, 2 reviews, 2 scraped
[22:41:54]   [36/59] kukirin.pt...
[22:42:00]     2.9/5, 2 reviews, 2 scraped
[22:42:02]   [37/59] kukirin.ca...
[22:42:07]     3.7/5, 1 reviews, 1 scraped
[22:42:09]   [38/59] kukirin.com...
[22:42:15]     3.2/5, 1 reviews, 1 scraped
[22:42:17]   [39/59] kukirin-eu.com...
[22:42:22]     3.6/5, 1 reviews, 1 scraped
[22:42:24]   [40/59] kukirinscooter.eu...
[22:42:29]     3.2/5, 1 reviews, 1 scraped
[22:42:31]   [41/59] kukirin-italy.com...
[22:42:37]     4.4/5, 12 reviews, 12 scraped
[22:42:39]   [42/59] kukirin-geneve.ch...
[22:42:44]     No data extracted
[22:42:44]   [43/59] kukirin-hrvatska.com...
[22:42:50]     No data extracted
[22:42:50]   [44/59] kukirinpl.com...
[22:42:56]     No data extracted
[22:42:56]   [45/59] kukirinro.com...
[22:43:02]     No data extracted
[22:43:02]   [46/59] kukirinescootereu.com...
[22:43:08]     No data extracted
[22:43:08]   [47/59] kukirinprime.com...
[22:43:14]     No data extracted
[22:43:14]   [48/59] kukirinscooter-eu.com...
[22:43:19]     No data extracted
[22:43:19]   [49/59] kukirinofficial.com...
[22:43:25]     No data extracted
[22:43:25]   [50/59] kugooescooter.com...
[22:43:30]     3.6/5, 9 reviews, 4 scraped
[22:43:32]   [51/59] kugoofrance.com...
[22:43:38]     3.8/5, 3 reviews, 3 scraped
[22:43:40]   [52/59] kugoo-officiel.com...
[22:43:46]     2.9/5, 2 reviews, 2 scraped
[22:43:48]   [53/59] kugoo-ireland.com...
[22:43:53]     3.2/5, 1 reviews, 1 scraped
[22:43:55]   [54/59] kugoousa.com...
[22:44:01]     3.2/5, 1 reviews, 1 scraped
[22:44:03]   [55/59] kugooscooter-uk.com...
[22:44:08]     3.7/5, 1 reviews, 1 scraped
[22:44:10]   [56/59] kugooitaly.com...
[22:44:16]     No data extracted
[22:44:16]   [57/59] kugookukirin.com...
[22:44:21]     No data extracted
[22:44:21]   [58/59] kukirin-fr.com...
[22:44:27]     No data extracted
[22:44:27]   [59/59] kukirinscooter-uk.com...
[22:44:36]     2.4/5, 41 reviews, 20 scraped
[22:44:38] Scrape done: 512 reviews total, $0.00 cost, 11 failed
[22:44:38] [2/4] Fetching complete.
[22:44:38] [3/4] Aggregating brand stats...
[22:44:38]   meepoboard-eu.com: 3.3/5 (3 reviews) [yellow] | themes: +1/-1
[22:44:38]   meepoboard.com: 4.0/5 (20 reviews) [green] | themes: +4/-4
[22:44:38]   exwayboard.com: 1.4/5 (20 reviews) [red] | themes: +4/-4
[22:44:38]   exwayboardusa.com: 3.4/5 (8 reviews) [yellow] | themes: +4/-2
[22:44:38]   backfireboards.com: 3.0/5 (17 reviews) [yellow] | themes: +4/-4
[22:44:38]   backfireboardsusa.com: 4.0/5 (17 reviews) [green] | themes: +4/-4
[22:44:38]   maxfind.com: 4.3/5 (20 reviews) [green] | themes: +4/-4
[22:44:38]   evolveskateboards.com.au: 2.0/5 (20 reviews) [red] | themes: +4/-4
[22:44:38]   evolveskateboardsuk.co.uk: 2.9/5 (15 reviews) [red] | themes: +4/-4
[22:44:38]   evolveskateboardsusa.com: 4.0/5 (13 reviews) [green] | themes: +4/-4
[22:44:38]   tyneeboard.com: 4.8/5 (20 reviews) [green] | themes: +4/-2
[22:44:38]   ownboard.net: 1.8/5 (20 reviews) [red] | themes: +4/-4
[22:44:38]   kukiringlobal.com: 4.4/5 (20 reviews) [green] | themes: +4/-2
[22:44:38]   kukirin-scooter.com: 2.9/5 (20 reviews) [red] | themes: +4/-3
[22:44:38]   kukirin.es: 3.0/5 (2 reviews) [yellow] | themes: +0/-0
[22:44:38]   kukirin-scooter.pl: 5.0/5 (20 reviews) [green] | themes: +0/-0
[22:44:38]   spelling.dk: 3.0/5 (2 reviews) [yellow] | themes: +1/-0
[22:44:38]   kukirin-escooter.com: 3.9/5 (20 reviews) [yellow] | themes: +4/-1
[22:44:38]   ku-kirin.it: 4.9/5 (20 reviews) [green] | themes: +0/-0
[22:44:38]   kukirin-escooters.com: 4.5/5 (20 reviews) [green] | themes: +4/-1
[22:44:38]   kukirin-it.com: 5.0/5 (3 reviews) [green] | themes: +1/-0
[22:44:38]   kukirin-officiel.com: 1.0/5 (1 reviews) [red] | themes: +0/-0
[22:44:38]   kugooescooters.com: 3.5/5 (20 reviews) [yellow] | themes: +4/-2
[22:44:38]   kugoo-spain.com: 2.7/5 (6 reviews) [red] | themes: +4/-1
[22:44:38]   kugoo-scooter.com: 1.2/5 (20 reviews) [red] | themes: +4/-4
[22:44:38]   kugoo.eu: 4.0/5 (20 reviews) [green] | themes: +4/-3
[22:44:38]   officialkugookukirin.co.uk: 4.4/5 (20 reviews) [green] | themes: +4/-1
[22:44:38]   kugooscooter.uk: 1.5/5 (19 reviews) [red] | themes: +4/-3
[22:44:38]   kugookirineu.com: 2.9/5 (7 reviews) [red] | themes: +2/-0
[22:44:38]   kugoo-escooter.com: 4.4/5 (13 reviews) [green] | themes: +4/-3
[22:44:38]   kukirin-escooter.eu: 5.0/5 (3 reviews) [green] | themes: +1/-0
[22:44:38]   kukirintrottinette.com: 5.0/5 (4 reviews) [green] | themes: +1/-0
[22:44:38]   kukirinescooter.co.uk: 4.8/5 (4 reviews) [green] | themes: +4/-0
[22:44:38]   kukirin.se: 3.7/5 (3 reviews) [yellow] | themes: +0/-0
[22:44:38]   kukirin.eu: 5.0/5 (2 reviews) [green] | themes: +4/-0
[22:44:38]   kukirin.pt: 1.0/5 (2 reviews) [red] | themes: +0/-0
[22:44:38]   kukirin.ca: 5.0/5 (1 reviews) [green] | themes: +0/-0
[22:44:38]   kukirin.com: 1.0/5 (1 reviews) [red] | themes: +0/-0
[22:44:38]   kukirin-eu.com: 4.0/5 (1 reviews) [green] | themes: +0/-0
[22:44:38]   kukirinscooter.eu: 1.0/5 (1 reviews) [red] | themes: +0/-0
[22:44:38]   kukirin-italy.com: 5.0/5 (12 reviews) [green] | themes: +1/-0
[22:44:38]   kukirin-geneve.ch: skipped (no data)
[22:44:38]   kukirin-hrvatska.com: skipped (no data)
[22:44:38]   kukirinpl.com: skipped (no data)
[22:44:38]   kukirinro.com: skipped (no data)
[22:44:38]   kukirinescootereu.com: skipped (no data)
[22:44:38]   kukirinprime.com: skipped (no data)
[22:44:38]   kukirinscooter-eu.com: skipped (no data)
[22:44:38]   kukirinofficial.com: skipped (no data)
[22:44:38]   kugooescooter.com: 4.8/5 (4 reviews) [green] | themes: +2/-2
[22:44:38]   kugoofrance.com: 3.3/5 (3 reviews) [yellow] | themes: +0/-0
[22:44:38]   kugoo-officiel.com: 1.0/5 (2 reviews) [red] | themes: +0/-0
[22:44:38]   kugoo-ireland.com: 1.0/5 (1 reviews) [red] | themes: +4/-1
[22:44:38]   kugoousa.com: 1.0/5 (1 reviews) [red] | themes: +0/-0
[22:44:38]   kugooscooter-uk.com: 5.0/5 (1 reviews) [green] | themes: +1/-0
[22:44:38]   kugooitaly.com: skipped (no data)
[22:44:38]   kugookukirin.com: skipped (no data)
[22:44:38]   kukirin-fr.com: skipped (no data)
[22:44:38]   kukirinscooter-uk.com: 2.1/5 (20 reviews) [red] | themes: +4/-3
[22:44:38] Aggregated 48/59 brands
[22:44:38] Saved 512 review samples to 2026-06-17-reviews.json
[22:44:38] [4/4] Merging & deploying...
[22:44:38] Merged deep analysis from: 2026-06-17.json
[22:44:39] JSON: D:\Ai\projects\trustpilot\trustpilot-voc\2026-06-17.json
[22:44:39] Upgrade recommended: 评论总量512条 > 500条阈值，建议全量分析; 风险品牌评分在2.0-3.5区间: exwayboardusa.com(3.4), backfireboards.com(3.0), evolveskateboards.com.au(2.0)
[22:44:39] Injected fresh data into index.html
[22:44:39] Reddit data: 2026-06-17-reddit.json → reddit.json
[22:44:39] Vercel CLI: 54.7.1
[22:44:39] Deploying to Vercel...
[22:45:04] "url": "https://trustpilot-kg8jhmdnn-email-marketing.vercel.app",
[22:45:04] "message": "Deployment trustpilot-kg8jhmdnn-email-marketing.vercel.app ready.",
[22:45:04] "command": "vercel inspect trustpilot-kg8jhmdnn-email-marketing.vercel.app",
[22:45:04] Vercel deploy complete.
[22:45:04] === Done ===
[22:45:04] URL: https://trustpilot-voc.vercel.app
[22:54:15] === Trustpilot VOC Auto-Scan 2026-06-17 ===
[22:54:15] Focus: meepoboard-eu.com, 59 brands across 59 URLs
[22:54:15] [1/4] Direct browser scraping...
[22:54:15] Launching browser (undetected-chromedriver)...
[22:54:27]   [1/59] meepoboard-eu.com...
[22:54:36]     3.6/5, 5 reviews, 3 scraped
[22:54:38]   [2/59] meepoboard.com...
[22:54:43]     3.6/5, 368 reviews, 20 scraped
[22:54:45]   [3/59] exwayboard.com...
[22:54:49]     2.6/5, 79 reviews, 20 scraped
[22:54:51]   [4/59] exwayboardusa.com...
[22:54:56]     2.6/5, 9 reviews, 8 scraped
[22:54:58]   [5/59] backfireboards.com...
[22:55:03]     3.2/5, 19 reviews, 17 scraped
[22:55:05]   [6/59] backfireboardsusa.com...
[22:55:11]     4.2/5, 19 reviews, 17 scraped
[22:55:13]   [7/59] maxfind.com...
[22:55:18]     3.9/5, 136 reviews, 20 scraped
[22:55:20]   [8/59] evolveskateboards.com.au...
[22:55:26]     2.6/5, 156 reviews, 20 scraped
[22:55:28]   [9/59] evolveskateboardsuk.co.uk...
[22:55:33]     2.2/5, 15 reviews, 15 scraped
[22:55:35]   [10/59] evolveskateboardsusa.com...
[22:55:40]     2.1/5, 14 reviews, 13 scraped
[22:55:42]   [11/59] tyneeboard.com...
[22:55:48]     4.8/5, 127 reviews, 20 scraped
[22:55:50]   [12/59] ownboard.net...
[22:55:55]     4.4/5, 32 reviews, 20 scraped
[22:55:57]   [13/59] kukiringlobal.com...
[22:56:02]     4.2/5, 95 reviews, 20 scraped
[22:56:04]   [14/59] kukirin-scooter.com...
[22:56:10]     3.0/5, 479 reviews, 20 scraped
[22:56:12]   [15/59] kukirin.es...
[22:56:17]     3.1/5, 78 reviews, 2 scraped
[22:56:19]   [16/59] kukirin-scooter.pl...
[22:56:23]     4.8/5, 46 reviews, 20 scraped
[22:56:25]   [17/59] spelling.dk...
[22:56:31]     4.8/5, 75 reviews, 2 scraped
[22:56:33]   [18/59] kukirin-escooter.com...
[22:56:38]     4.6/5, 417 reviews, 20 scraped
[22:56:40]   [19/59] ku-kirin.it...
[22:56:45]     4.6/5, 35 reviews, 20 scraped
[22:56:47]   [20/59] kukirin-escooters.com...
[22:56:52]     4.5/5, 148 reviews, 20 scraped
[22:56:54]   [21/59] kukirin-it.com...
[22:56:59]     4.4/5, 19 reviews, 3 scraped
[22:57:01]   [22/59] kukirin-officiel.com...
[22:57:05]     3.6/5, 20 reviews, 1 scraped
[22:57:07]   [23/59] kugooescooters.com...
[22:57:12]     3.7/5, 1282 reviews, 20 scraped
[22:57:14]   [24/59] kugoo-spain.com...
[22:57:20]     1.7/5, 304 reviews, 6 scraped
[22:57:22]   [25/59] kugoo-scooter.com...
[22:57:27]     1.4/5, 189 reviews, 20 scraped
[22:57:29]   [26/59] kugoo.eu...
[22:57:34]     3.6/5, 79 reviews, 20 scraped
[22:57:36]   [27/59] officialkugookukirin.co.uk...
[22:57:41]     4.0/5, 26 reviews, 20 scraped
[22:57:43]   [28/59] kugooscooter.uk...
[22:57:48]     1.8/5, 19 reviews, 19 scraped
[22:57:50]   [29/59] kugookirineu.com...
[22:57:55]     2.7/5, 15 reviews, 7 scraped
[22:57:57]   [30/59] kugoo-escooter.com...
[22:58:03]     3.9/5, 14 reviews, 13 scraped
[22:58:05]   [31/59] kukirin-escooter.eu...
[22:58:10]     4.3/5, 7 reviews, 3 scraped
[22:58:12]   [32/59] kukirintrottinette.com...
[22:58:17]     4.0/5, 4 reviews, 4 scraped
[22:58:19]   [33/59] kukirinescooter.co.uk...
[22:58:24]     4.0/5, 4 reviews, 4 scraped
[22:58:26]   [34/59] kukirin.se...
[22:58:32]     3.6/5, 3 reviews, 3 scraped
[22:58:34]   [35/59] kukirin.eu...
[22:58:39]     3.8/5, 2 reviews, 2 scraped
[22:58:41]   [36/59] kukirin.pt...
[22:58:46]     2.9/5, 2 reviews, 2 scraped
[22:58:48]   [37/59] kukirin.ca...
[22:58:53]     3.7/5, 1 reviews, 1 scraped
[22:58:55]   [38/59] kukirin.com...
[22:59:00]     3.2/5, 1 reviews, 1 scraped
[22:59:02]   [39/59] kukirin-eu.com...
[22:59:07]     3.6/5, 1 reviews, 1 scraped
[22:59:09]   [40/59] kukirinscooter.eu...
[22:59:14]     3.2/5, 1 reviews, 1 scraped
[22:59:16]   [41/59] kukirin-italy.com...
[22:59:21]     4.4/5, 12 reviews, 12 scraped
[22:59:23]   [42/59] kukirin-geneve.ch...
[22:59:28]     No data extracted
[22:59:28]   [43/59] kukirin-hrvatska.com...
[22:59:33]     No data extracted
[22:59:33]   [44/59] kukirinpl.com...
[22:59:38]     No data extracted
[22:59:38]   [45/59] kukirinro.com...
[22:59:44]     No data extracted
[22:59:44]   [46/59] kukirinescootereu.com...
[22:59:49]     No data extracted
[22:59:49]   [47/59] kukirinprime.com...
[22:59:55]     No data extracted
[22:59:55]   [48/59] kukirinscooter-eu.com...
[23:00:00]     No data extracted
[23:00:00]   [49/59] kukirinofficial.com...
[23:00:05]     No data extracted
[23:00:05]   [50/59] kugooescooter.com...
[23:00:09]     3.6/5, 9 reviews, 4 scraped
[23:00:11]   [51/59] kugoofrance.com...
[23:00:17]     3.8/5, 3 reviews, 3 scraped
[23:00:19]   [52/59] kugoo-officiel.com...
[23:00:23]     2.9/5, 2 reviews, 2 scraped
[23:00:25]   [53/59] kugoo-ireland.com...
[23:00:30]     3.2/5, 1 reviews, 1 scraped
[23:00:32]   [54/59] kugoousa.com...
[23:00:37]     3.2/5, 1 reviews, 1 scraped
[23:00:39]   [55/59] kugooscooter-uk.com...
[23:00:44]     3.7/5, 1 reviews, 1 scraped
[23:00:46]   [56/59] kugooitaly.com...
[23:00:51]     No data extracted
[23:00:51]   [57/59] kugookukirin.com...
[23:00:56]     No data extracted
[23:00:56]   [58/59] kukirin-fr.com...
[23:01:01]     No data extracted
[23:01:01]   [59/59] kukirinscooter-uk.com...
[23:01:07]     2.4/5, 41 reviews, 20 scraped
[23:01:09] Scrape done: 512 reviews total, 48 brands, 11 failed
[23:01:09] [2/4] Fetching complete.
[23:01:09] [3/4] Aggregating brand stats...
[23:01:09]   meepoboard-eu.com: 3.6/5 (5 reviews) [yellow] | themes: +1/-1
[23:01:09]   meepoboard.com: 3.6/5 (368 reviews) [yellow] | themes: +4/-4
[23:01:09]   exwayboard.com: 2.6/5 (79 reviews) [red] | themes: +4/-4
[23:01:09]   exwayboardusa.com: 2.6/5 (9 reviews) [red] | themes: +4/-2
[23:01:09]   backfireboards.com: 3.2/5 (19 reviews) [yellow] | themes: +4/-4
[23:01:09]   backfireboardsusa.com: 4.2/5 (19 reviews) [green] | themes: +4/-4
[23:01:09]   maxfind.com: 3.9/5 (136 reviews) [yellow] | themes: +4/-4
[23:01:09]   evolveskateboards.com.au: 2.6/5 (156 reviews) [red] | themes: +4/-4
[23:01:09]   evolveskateboardsuk.co.uk: 2.2/5 (15 reviews) [red] | themes: +4/-4
[23:01:09]   evolveskateboardsusa.com: 2.1/5 (14 reviews) [red] | themes: +4/-4
[23:01:09]   tyneeboard.com: 4.8/5 (127 reviews) [green] | themes: +4/-2
[23:01:09]   ownboard.net: 4.4/5 (32 reviews) [green] | themes: +4/-4
[23:01:09]   kukiringlobal.com: 4.2/5 (95 reviews) [green] | themes: +4/-2
[23:01:09]   kukirin-scooter.com: 3.0/5 (479 reviews) [yellow] | themes: +4/-3
[23:01:09]   kukirin.es: 3.1/5 (78 reviews) [yellow] | themes: +0/-0
[23:01:09]   kukirin-scooter.pl: 4.8/5 (46 reviews) [green] | themes: +0/-0
[23:01:09]   spelling.dk: 4.8/5 (75 reviews) [green] | themes: +1/-0
[23:01:09]   kukirin-escooter.com: 4.6/5 (417 reviews) [green] | themes: +4/-1
[23:01:09]   ku-kirin.it: 4.6/5 (35 reviews) [green] | themes: +0/-0
[23:01:09]   kukirin-escooters.com: 4.5/5 (148 reviews) [green] | themes: +4/-1
[23:01:09]   kukirin-it.com: 4.4/5 (19 reviews) [green] | themes: +1/-0
[23:01:09]   kukirin-officiel.com: 3.6/5 (20 reviews) [yellow] | themes: +0/-0
[23:01:09]   kugooescooters.com: 3.7/5 (1282 reviews) [yellow] | themes: +4/-2
[23:01:09]   kugoo-spain.com: 1.7/5 (304 reviews) [red] | themes: +4/-1
[23:01:09]   kugoo-scooter.com: 1.4/5 (189 reviews) [red] | themes: +4/-4
[23:01:09]   kugoo.eu: 3.6/5 (79 reviews) [yellow] | themes: +4/-3
[23:01:09]   officialkugookukirin.co.uk: 4.0/5 (26 reviews) [green] | themes: +4/-1
[23:01:09]   kugooscooter.uk: 1.8/5 (19 reviews) [red] | themes: +4/-3
[23:01:09]   kugookirineu.com: 2.7/5 (15 reviews) [red] | themes: +2/-0
[23:01:09]   kugoo-escooter.com: 3.9/5 (14 reviews) [yellow] | themes: +4/-3
[23:01:09]   kukirin-escooter.eu: 4.3/5 (7 reviews) [green] | themes: +1/-0
[23:01:09]   kukirintrottinette.com: 4.0/5 (4 reviews) [green] | themes: +1/-0
[23:01:09]   kukirinescooter.co.uk: 4.0/5 (4 reviews) [green] | themes: +4/-0
[23:01:09]   kukirin.se: 3.6/5 (3 reviews) [yellow] | themes: +0/-0
[23:01:09]   kukirin.eu: 3.8/5 (2 reviews) [yellow] | themes: +4/-0
[23:01:09]   kukirin.pt: 2.9/5 (2 reviews) [red] | themes: +0/-0
[23:01:09]   kukirin.ca: 3.7/5 (1 reviews) [yellow] | themes: +0/-0
[23:01:09]   kukirin.com: 3.2/5 (1 reviews) [yellow] | themes: +0/-0
[23:01:09]   kukirin-eu.com: 3.6/5 (1 reviews) [yellow] | themes: +0/-0
[23:01:09]   kukirinscooter.eu: 3.2/5 (1 reviews) [yellow] | themes: +0/-0
[23:01:09]   kukirin-italy.com: 4.4/5 (12 reviews) [green] | themes: +1/-0
[23:01:09]   kukirin-geneve.ch: skipped (no data)
[23:01:09]   kukirin-hrvatska.com: skipped (no data)
[23:01:09]   kukirinpl.com: skipped (no data)
[23:01:09]   kukirinro.com: skipped (no data)
[23:01:09]   kukirinescootereu.com: skipped (no data)
[23:01:09]   kukirinprime.com: skipped (no data)
[23:01:09]   kukirinscooter-eu.com: skipped (no data)
[23:01:09]   kukirinofficial.com: skipped (no data)
[23:01:09]   kugooescooter.com: 3.6/5 (9 reviews) [yellow] | themes: +2/-2
[23:01:09]   kugoofrance.com: 3.8/5 (3 reviews) [yellow] | themes: +0/-0
[23:01:09]   kugoo-officiel.com: 2.9/5 (2 reviews) [red] | themes: +0/-0
[23:01:09]   kugoo-ireland.com: 3.2/5 (1 reviews) [yellow] | themes: +4/-1
[23:01:09]   kugoousa.com: 3.2/5 (1 reviews) [yellow] | themes: +0/-0
[23:01:09]   kugooscooter-uk.com: 3.7/5 (1 reviews) [yellow] | themes: +1/-0
[23:01:09]   kugooitaly.com: skipped (no data)
[23:01:09]   kugookukirin.com: skipped (no data)
[23:01:09]   kukirin-fr.com: skipped (no data)
[23:01:09]   kukirinscooter-uk.com: 2.4/5 (41 reviews) [red] | themes: +4/-3
[23:01:09] Aggregated 48/59 brands
[23:01:09] Saved 512 review samples to 2026-06-17-reviews.json
[23:01:09] [4/4] Merging & deploying...
[23:01:09] Merged deep analysis from: 2026-06-17.json
[23:01:09] JSON: D:\Ai\projects\trustpilot\trustpilot-voc\2026-06-17.json
[23:01:09] Upgrade recommended: 评论总量4415条 > 500条阈值，建议全量分析; 风险品牌评分在2.0-3.5区间: exwayboard.com(2.6), exwayboardusa.com(2.6), backfireboards.com(3.2); 10个品牌评论≥100条，竞品密度适合深度对比
[23:01:09] Injected fresh data into index.html
[23:01:09] Reddit data: 2026-06-17-reddit.json → reddit.json
[23:01:09] Vercel CLI: 54.7.1
[23:01:09] Deploying to Vercel...
[23:01:23] "url": "https://trustpilot-jdddl26er-email-marketing.vercel.app",
[23:01:23] "message": "Deployment trustpilot-jdddl26er-email-marketing.vercel.app ready.",
[23:01:23] "command": "vercel inspect trustpilot-jdddl26er-email-marketing.vercel.app",
[23:01:23] Vercel deploy complete.
[23:01:23] === Done ===
[23:01:23] URL: https://trustpilot-voc.vercel.app
