[01:19:47] === Trustpilot VOC Auto-Scan 2026-06-18 ===
[01:19:47] Focus: meepoboard-eu.com, 59 brands across 59 URLs
[01:19:47] [1/4] Direct browser scraping...
[01:19:47] Launching browser (undetected-chromedriver)...
[10:35:28] === Trustpilot VOC Auto-Scan 2026-06-18 ===
[10:35:28] Focus: meepoboard-eu.com, 59 brands across 59 URLs
[10:35:28] [1/4] Direct browser scraping...
[10:35:28] Launching browser (undetected-chromedriver)...
[10:44:52] === Trustpilot VOC Auto-Scan 2026-06-18 ===
[10:44:52] Focus: meepoboard-eu.com, 59 brands across 59 URLs
[10:44:52] [1/4] Direct browser scraping...
[10:44:52] Launching browser (undetected-chromedriver)...
[10:45:05]   [1/59] meepoboard-eu.com...
[10:45:35]     3.7/5, 6 reviews, 4 scraped
[10:45:37]   [2/59] meepoboard.com...
[10:45:43]     3.6/5, 368 reviews, 20 scraped
[10:45:45]   [3/59] exwayboard.com...
[10:45:51]     2.6/5, 79 reviews, 20 scraped
[10:45:53]   [4/59] exwayboardusa.com...
[10:45:58]     2.6/5, 9 reviews, 8 scraped
[10:46:00]   [5/59] backfireboards.com...
[10:46:07]     3.2/5, 19 reviews, 17 scraped
[10:46:09]   [6/59] backfireboardsusa.com...
[10:46:15]     4.2/5, 19 reviews, 17 scraped
[10:46:17]   [7/59] maxfind.com...
[10:46:23]     3.9/5, 136 reviews, 20 scraped
[10:46:25]   [8/59] evolveskateboards.com.au...
[10:46:31]     2.6/5, 156 reviews, 20 scraped
[10:46:33]   [9/59] evolveskateboardsuk.co.uk...
[10:46:42]     2.2/5, 15 reviews, 15 scraped
[10:46:44]   [10/59] evolveskateboardsusa.com...
[10:46:51]     2.1/5, 14 reviews, 13 scraped
[10:46:53]   [11/59] tyneeboard.com...
[10:46:58]     4.8/5, 127 reviews, 20 scraped
[10:47:00]   [12/59] ownboard.net...
[10:47:07]     4.4/5, 32 reviews, 20 scraped
[10:47:09]   [13/59] kukiringlobal.com...
[10:47:16]     4.2/5, 95 reviews, 20 scraped
[10:47:18]   [14/59] kukirin-scooter.com...
[10:47:23]     3.0/5, 479 reviews, 20 scraped
[10:47:25]   [15/59] kukirin.es...
[10:47:31]     3.1/5, 78 reviews, 2 scraped
[10:47:33]   [16/59] kukirin-scooter.pl...
[10:47:39]     4.8/5, 47 reviews, 20 scraped
[10:47:41]   [17/59] spelling.dk...
[10:47:47]     4.8/5, 75 reviews, 2 scraped
[10:47:49]   [18/59] kukirin-escooter.com...
[10:47:54]     4.6/5, 417 reviews, 20 scraped
[10:47:56]   [19/59] ku-kirin.it...
[10:48:02]     4.6/5, 35 reviews, 20 scraped
[10:48:04]   [20/59] kukirin-escooters.com...
[10:48:11]     4.5/5, 148 reviews, 20 scraped
[10:48:13]   [21/59] kukirin-it.com...
[10:48:21]     4.4/5, 19 reviews, 3 scraped
[10:48:23]   [22/59] kukirin-officiel.com...
[10:48:29]     3.7/5, 22 reviews, 1 scraped
[10:48:31]   [23/59] kugooescooters.com...
[10:48:37]     3.7/5, 1286 reviews, 20 scraped
[10:48:39]   [24/59] kugoo-spain.com...
[10:48:46]     1.7/5, 304 reviews, 6 scraped
[10:48:48]   [25/59] kugoo-scooter.com...
[10:48:55]     1.4/5, 189 reviews, 20 scraped
[10:48:57]   [26/59] kugoo.eu...
[10:49:02]     3.6/5, 79 reviews, 20 scraped
[10:49:04]   [27/59] officialkugookukirin.co.uk...
[10:49:11]     4.0/5, 26 reviews, 20 scraped
[10:49:13]   [28/59] kugooscooter.uk...
[10:49:19]     1.8/5, 19 reviews, 19 scraped
[10:49:21]   [29/59] kugookirineu.com...
[10:49:26]     2.7/5, 15 reviews, 7 scraped
[10:49:28]   [30/59] kugoo-escooter.com...
[10:49:33]     3.9/5, 14 reviews, 13 scraped
[10:49:35]   [31/59] kukirin-escooter.eu...
[10:49:41]     4.3/5, 7 reviews, 3 scraped
[10:49:43]   [32/59] kukirintrottinette.com...
[10:49:48]     4.0/5, 4 reviews, 4 scraped
[10:49:50]   [33/59] kukirinescooter.co.uk...
[10:49:55]     4.0/5, 4 reviews, 4 scraped
[10:49:57]   [34/59] kukirin.se...
[10:50:03]     3.6/5, 3 reviews, 3 scraped
[10:50:05]   [35/59] kukirin.eu...
[10:50:10]     3.8/5, 2 reviews, 2 scraped
[10:50:12]   [36/59] kukirin.pt...
[10:50:19]     2.9/5, 2 reviews, 2 scraped
[10:50:21]   [37/59] kukirin.ca...
[10:50:27]     3.7/5, 1 reviews, 1 scraped
[10:50:29]   [38/59] kukirin.com...
[10:50:34]     3.2/5, 1 reviews, 1 scraped
[10:50:36]   [39/59] kukirin-eu.com...
[10:50:41]     3.6/5, 1 reviews, 1 scraped
[10:50:43]   [40/59] kukirinscooter.eu...
[10:50:48]     3.2/5, 1 reviews, 1 scraped
[10:50:50]   [41/59] kukirin-italy.com...
[10:50:56]     4.4/5, 12 reviews, 12 scraped
[10:50:58]   [42/59] kukirin-geneve.ch...
[10:51:03]     No data extracted
[10:51:03]   [43/59] kukirin-hrvatska.com...
[10:51:09]     No data extracted
[10:51:09]   [44/59] kukirinpl.com...
[10:51:15]     No data extracted
[10:51:15]   [45/59] kukirinro.com...
[10:51:21]     No data extracted
[10:51:21]   [46/59] kukirinescootereu.com...
[10:51:27]     No data extracted
[10:51:27]   [47/59] kukirinprime.com...
[10:51:33]     No data extracted
[10:51:33]   [48/59] kukirinscooter-eu.com...
[10:51:38]     No data extracted
[10:51:38]   [49/59] kukirinofficial.com...
[10:51:43]     No data extracted
[10:51:43]   [50/59] kugooescooter.com...
[10:51:48]     3.6/5, 9 reviews, 4 scraped
[10:51:50]   [51/59] kugoofrance.com...
[10:51:56]     3.8/5, 3 reviews, 3 scraped
[10:51:58]   [52/59] kugoo-officiel.com...
[10:52:04]     2.9/5, 2 reviews, 2 scraped
[10:52:06]   [53/59] kugoo-ireland.com...
[10:52:11]     3.2/5, 1 reviews, 1 scraped
[10:52:13]   [54/59] kugoousa.com...
[10:52:19]     3.2/5, 1 reviews, 1 scraped
[10:52:21]   [55/59] kugooscooter-uk.com...
[10:52:26]     3.7/5, 1 reviews, 1 scraped
[10:52:28]   [56/59] kugooitaly.com...
[10:52:33]     No data extracted
[10:52:33]   [57/59] kugookukirin.com...
[10:52:38]     No data extracted
[10:52:38]   [58/59] kukirin-fr.com...
[10:52:43]     No data extracted
[10:52:43]   [59/59] kukirinscooter-uk.com...
[10:52:49]     2.4/5, 41 reviews, 20 scraped
[10:52:52] Scrape done: 513 reviews total, 48 brands, 11 failed
[10:52:52] [2/4] Fetching complete.
[10:52:52] [3/4] Aggregating brand stats...
[10:52:52]   meepoboard-eu.com: 3.7/5 (6 reviews) [yellow] | themes: +4/-1
[10:52:52]   meepoboard.com: 3.6/5 (368 reviews) [yellow] | themes: +4/-4
[10:52:52]   exwayboard.com: 2.6/5 (79 reviews) [red] | themes: +4/-4
[10:52:52]   exwayboardusa.com: 2.6/5 (9 reviews) [red] | themes: +4/-2
[10:52:52]   backfireboards.com: 3.2/5 (19 reviews) [yellow] | themes: +4/-4
[10:52:52]   backfireboardsusa.com: 4.2/5 (19 reviews) [green] | themes: +4/-4
[10:52:52]   maxfind.com: 3.9/5 (136 reviews) [yellow] | themes: +4/-4
[10:52:52]   evolveskateboards.com.au: 2.6/5 (156 reviews) [red] | themes: +4/-4
[10:52:52]   evolveskateboardsuk.co.uk: 2.2/5 (15 reviews) [red] | themes: +4/-4
[10:52:52]   evolveskateboardsusa.com: 2.1/5 (14 reviews) [red] | themes: +4/-4
[10:52:52]   tyneeboard.com: 4.8/5 (127 reviews) [green] | themes: +4/-2
[10:52:52]   ownboard.net: 4.4/5 (32 reviews) [green] | themes: +4/-4
[10:52:52]   kukiringlobal.com: 4.2/5 (95 reviews) [green] | themes: +4/-2
[10:52:52]   kukirin-scooter.com: 3.0/5 (479 reviews) [yellow] | themes: +4/-3
[10:52:52]   kukirin.es: 3.1/5 (78 reviews) [yellow] | themes: +0/-0
[10:52:52]   kukirin-scooter.pl: 4.8/5 (47 reviews) [green] | themes: +0/-0
[10:52:52]   spelling.dk: 4.8/5 (75 reviews) [green] | themes: +1/-0
[10:52:52]   kukirin-escooter.com: 4.6/5 (417 reviews) [green] | themes: +4/-1
[10:52:52]   ku-kirin.it: 4.6/5 (35 reviews) [green] | themes: +0/-0
[10:52:52]   kukirin-escooters.com: 4.5/5 (148 reviews) [green] | themes: +4/-1
[10:52:52]   kukirin-it.com: 4.4/5 (19 reviews) [green] | themes: +1/-0
[10:52:52]   kukirin-officiel.com: 3.7/5 (22 reviews) [yellow] | themes: +0/-0
[10:52:52]   kugooescooters.com: 3.7/5 (1286 reviews) [yellow] | themes: +4/-2
[10:52:52]   kugoo-spain.com: 1.7/5 (304 reviews) [red] | themes: +4/-1
[10:52:52]   kugoo-scooter.com: 1.4/5 (189 reviews) [red] | themes: +4/-4
[10:52:52]   kugoo.eu: 3.6/5 (79 reviews) [yellow] | themes: +4/-3
[10:52:52]   officialkugookukirin.co.uk: 4.0/5 (26 reviews) [green] | themes: +4/-1
[10:52:52]   kugooscooter.uk: 1.8/5 (19 reviews) [red] | themes: +4/-3
[10:52:52]   kugookirineu.com: 2.7/5 (15 reviews) [red] | themes: +2/-0
[10:52:52]   kugoo-escooter.com: 3.9/5 (14 reviews) [yellow] | themes: +4/-3
[10:52:52]   kukirin-escooter.eu: 4.3/5 (7 reviews) [green] | themes: +1/-0
[10:52:52]   kukirintrottinette.com: 4.0/5 (4 reviews) [green] | themes: +1/-0
[10:52:52]   kukirinescooter.co.uk: 4.0/5 (4 reviews) [green] | themes: +4/-0
[10:52:52]   kukirin.se: 3.6/5 (3 reviews) [yellow] | themes: +0/-0
[10:52:52]   kukirin.eu: 3.8/5 (2 reviews) [yellow] | themes: +4/-0
[10:52:52]   kukirin.pt: 2.9/5 (2 reviews) [red] | themes: +0/-0
[10:52:52]   kukirin.ca: 3.7/5 (1 reviews) [yellow] | themes: +0/-0
[10:52:52]   kukirin.com: 3.2/5 (1 reviews) [yellow] | themes: +0/-0
[10:52:52]   kukirin-eu.com: 3.6/5 (1 reviews) [yellow] | themes: +0/-0
[10:52:52]   kukirinscooter.eu: 3.2/5 (1 reviews) [yellow] | themes: +0/-0
[10:52:52]   kukirin-italy.com: 4.4/5 (12 reviews) [green] | themes: +1/-0
[10:52:52]   kukirin-geneve.ch: skipped (no data)
[10:52:52]   kukirin-hrvatska.com: skipped (no data)
[10:52:52]   kukirinpl.com: skipped (no data)
[10:52:52]   kukirinro.com: skipped (no data)
[10:52:52]   kukirinescootereu.com: skipped (no data)
[10:52:52]   kukirinprime.com: skipped (no data)
[10:52:52]   kukirinscooter-eu.com: skipped (no data)
[10:52:52]   kukirinofficial.com: skipped (no data)
[10:52:52]   kugooescooter.com: 3.6/5 (9 reviews) [yellow] | themes: +2/-2
[10:52:52]   kugoofrance.com: 3.8/5 (3 reviews) [yellow] | themes: +0/-0
[10:52:52]   kugoo-officiel.com: 2.9/5 (2 reviews) [red] | themes: +0/-0
[10:52:52]   kugoo-ireland.com: 3.2/5 (1 reviews) [yellow] | themes: +4/-1
[10:52:52]   kugoousa.com: 3.2/5 (1 reviews) [yellow] | themes: +0/-0
[10:52:52]   kugooscooter-uk.com: 3.7/5 (1 reviews) [yellow] | themes: +1/-0
[10:52:52]   kugooitaly.com: skipped (no data)
[10:52:52]   kugookukirin.com: skipped (no data)
[10:52:52]   kukirin-fr.com: skipped (no data)
[10:52:52]   kukirinscooter-uk.com: 2.4/5 (41 reviews) [red] | themes: +4/-3
[10:52:52] Aggregated 48/59 brands
[10:52:52] Saved 513 review samples to 2026-06-18-reviews.json
[10:52:52] [4/4] Merging & deploying...
[10:52:52] Merged deep analysis from: 2026-06-17.json
[10:52:52] Upgrade recommended: 评论总量4423条 > 500条阈值，建议全量分析; 风险品牌评分在2.0-3.5区间: exwayboard.com(2.6), exwayboardusa.com(2.6), backfireboards.com(3.2); 10个品牌评论≥100条，竞品密度适合深度对比
[10:52:52] JSON: D:\Ai\projects\trustpilot\trustpilot-voc\2026-06-18.json
[10:52:52] Skipping inject (--no-inject, pipeline will handle)
[10:52:52] Reddit data: 2026-06-18-reddit.json → reddit.json
[10:52:52] Skipping deploy (--no-inject, pipeline will handle)
[10:52:52] === Done ===
[10:52:52] URL: https://trustpilot-voc.vercel.app
[11:02:37] === Trustpilot VOC Auto-Scan 2026-06-18 ===
[11:02:37] Focus: meepoboard-eu.com, 59 brands across 59 URLs
[11:02:37] [1/4] Direct browser scraping...
[11:02:37] Launching browser (undetected-chromedriver)...
[11:02:49]   [1/59] meepoboard-eu.com...
[11:03:17]     3.7/5, 6 reviews, 4 scraped
[11:03:19]   [2/59] meepoboard.com...
[11:03:25]     3.6/5, 368 reviews, 20 scraped
[11:03:27]   [3/59] exwayboard.com...
[11:03:32]     2.6/5, 79 reviews, 20 scraped
[11:03:34]   [4/59] exwayboardusa.com...
[11:03:40]     2.6/5, 9 reviews, 8 scraped
[11:03:42]   [5/59] backfireboards.com...
[11:03:47]     3.2/5, 19 reviews, 17 scraped
[11:03:49]   [6/59] backfireboardsusa.com...
[11:03:54]     4.2/5, 19 reviews, 17 scraped
[11:03:56]   [7/59] maxfind.com...
[11:04:02]     3.9/5, 136 reviews, 20 scraped
[11:04:04]   [8/59] evolveskateboards.com.au...
[11:04:09]     2.6/5, 156 reviews, 20 scraped
[11:04:11]   [9/59] evolveskateboardsuk.co.uk...
[11:04:18]     2.2/5, 15 reviews, 15 scraped
[11:04:20]   [10/59] evolveskateboardsusa.com...
[11:04:26]     2.1/5, 14 reviews, 13 scraped
[11:04:28]   [11/59] tyneeboard.com...
[11:04:33]     4.8/5, 127 reviews, 20 scraped
[11:04:35]   [12/59] ownboard.net...
[11:04:40]     4.4/5, 32 reviews, 20 scraped
[11:04:42]   [13/59] kukiringlobal.com...
[11:04:48]     4.2/5, 95 reviews, 20 scraped
[11:04:50]   [14/59] kukirin-scooter.com...
[11:04:56]     3.0/5, 479 reviews, 20 scraped
[11:04:58]   [15/59] kukirin.es...
[11:05:03]     3.1/5, 78 reviews, 2 scraped
[11:05:05]   [16/59] kukirin-scooter.pl...
[11:05:11]     4.8/5, 47 reviews, 20 scraped
[11:05:13]   [17/59] spelling.dk...
[11:05:18]     4.8/5, 75 reviews, 2 scraped
[11:05:20]   [18/59] kukirin-escooter.com...
[11:05:25]     4.6/5, 417 reviews, 20 scraped
[11:05:27]   [19/59] ku-kirin.it...
[11:05:32]     4.6/5, 35 reviews, 20 scraped
[11:05:34]   [20/59] kukirin-escooters.com...
[11:05:39]     4.5/5, 148 reviews, 20 scraped
[11:05:41]   [21/59] kukirin-it.com...
[11:05:47]     4.4/5, 19 reviews, 3 scraped
[11:05:49]   [22/59] kukirin-officiel.com...
[11:05:54]     3.7/5, 22 reviews, 1 scraped
[11:05:56]   [23/59] kugooescooters.com...
[11:06:01]     3.7/5, 1286 reviews, 20 scraped
[11:06:03]   [24/59] kugoo-spain.com...
[11:06:09]     1.7/5, 304 reviews, 6 scraped
[11:06:11]   [25/59] kugoo-scooter.com...
[11:06:16]     1.4/5, 189 reviews, 20 scraped
[11:06:18]   [26/59] kugoo.eu...
[11:06:24]     3.6/5, 79 reviews, 20 scraped
[11:06:26]   [27/59] officialkugookukirin.co.uk...
[11:06:31]     4.0/5, 26 reviews, 20 scraped
[11:06:33]   [28/59] kugooscooter.uk...
[11:06:39] === Trustpilot VOC Auto-Scan 2026-06-18 ===
[11:06:39] Focus: meepoboard-eu.com, 59 brands across 59 URLs
[11:06:39] [1/4] Direct browser scraping...
[11:06:39] Launching browser (undetected-chromedriver)...
[11:06:39]     1.8/5, 19 reviews, 19 scraped
[11:06:41]   [29/59] kugookirineu.com...
[11:06:46]     2.7/5, 15 reviews, 7 scraped
[11:06:48]   [30/59] kugoo-escooter.com...
[11:06:53]     3.9/5, 14 reviews, 13 scraped
[11:06:55]   [31/59] kukirin-escooter.eu...
[11:07:00]     4.3/5, 7 reviews, 3 scraped
[11:07:02]   [32/59] kukirintrottinette.com...
[11:07:07]     4.0/5, 4 reviews, 4 scraped
[11:07:09]   [33/59] kukirinescooter.co.uk...
[11:07:14]     4.0/5, 4 reviews, 4 scraped
[11:07:16]   [34/59] kukirin.se...
[11:07:21]     3.6/5, 3 reviews, 3 scraped
[11:07:23]   [35/59] kukirin.eu...
[11:07:29]     3.8/5, 2 reviews, 2 scraped
[11:07:31]   [36/59] kukirin.pt...
[11:07:36]     2.9/5, 2 reviews, 2 scraped
[11:07:38]   [37/59] kukirin.ca...
[11:07:43]     3.7/5, 1 reviews, 1 scraped
[11:07:45]   [38/59] kukirin.com...
[11:07:50]     3.2/5, 1 reviews, 1 scraped
[11:07:52]   [39/59] kukirin-eu.com...
[11:07:57]     3.6/5, 1 reviews, 1 scraped
[11:07:59]   [40/59] kukirinscooter.eu...
[11:08:07]     3.2/5, 1 reviews, 1 scraped
[11:08:09]   [41/59] kukirin-italy.com...
[11:08:14]     4.4/5, 12 reviews, 12 scraped
[11:08:16]   [42/59] kukirin-geneve.ch...
[11:08:21]     No data extracted
[11:08:21]   [43/59] kukirin-hrvatska.com...
[11:08:26]     No data extracted
[11:08:26]   [44/59] kukirinpl.com...
[11:08:31]     No data extracted
[11:08:31]   [45/59] kukirinro.com...
[11:08:36]     No data extracted
[11:08:36]   [46/59] kukirinescootereu.com...
[11:08:41]     No data extracted
[11:08:41]   [47/59] kukirinprime.com...
[11:08:47]     No data extracted
[11:08:47]   [48/59] kukirinscooter-eu.com...
[11:08:52]     No data extracted
[11:08:52]   [49/59] kukirinofficial.com...
[11:08:57]     No data extracted
[11:08:57]   [50/59] kugooescooter.com...
[11:09:02]     3.6/5, 9 reviews, 4 scraped
[11:09:04]   [51/59] kugoofrance.com...
[11:09:09]     3.8/5, 3 reviews, 3 scraped
[11:09:11]   [52/59] kugoo-officiel.com...
[11:09:16]     2.9/5, 2 reviews, 2 scraped
[11:09:18]   [53/59] kugoo-ireland.com...
[11:09:23]     3.2/5, 1 reviews, 1 scraped
[11:09:25]   [54/59] kugoousa.com...
[11:09:30]     3.2/5, 1 reviews, 1 scraped
[11:09:32]   [55/59] kugooscooter-uk.com...
[11:09:37]     3.7/5, 1 reviews, 1 scraped
[11:09:39]   [56/59] kugooitaly.com...
[11:09:44]     No data extracted
[11:09:44]   [57/59] kugookukirin.com...
[11:09:48]     No data extracted
[11:09:48]   [58/59] kukirin-fr.com...
[11:09:54]     No data extracted
[11:09:54]   [59/59] kukirinscooter-uk.com...
[11:09:59]     2.4/5, 41 reviews, 20 scraped
[11:10:01] Scrape done: 513 reviews total, 48 brands, 11 failed
[11:10:01] [2/4] Fetching complete.
[11:10:01] [3/4] Aggregating brand stats...
[11:10:01]   meepoboard-eu.com: 3.7/5 (6 reviews) [yellow] | themes: +4/-1
[11:10:01]   meepoboard.com: 3.6/5 (368 reviews) [yellow] | themes: +4/-4
[11:10:01]   exwayboard.com: 2.6/5 (79 reviews) [red] | themes: +4/-4
[11:10:01]   exwayboardusa.com: 2.6/5 (9 reviews) [red] | themes: +4/-2
[11:10:01]   backfireboards.com: 3.2/5 (19 reviews) [yellow] | themes: +4/-4
[11:10:01]   backfireboardsusa.com: 4.2/5 (19 reviews) [green] | themes: +4/-4
[11:10:01]   maxfind.com: 3.9/5 (136 reviews) [yellow] | themes: +4/-4
[11:10:01]   evolveskateboards.com.au: 2.6/5 (156 reviews) [red] | themes: +4/-4
[11:10:01]   evolveskateboardsuk.co.uk: 2.2/5 (15 reviews) [red] | themes: +4/-4
[11:10:01]   evolveskateboardsusa.com: 2.1/5 (14 reviews) [red] | themes: +4/-4
[11:10:01]   tyneeboard.com: 4.8/5 (127 reviews) [green] | themes: +4/-2
[11:10:01]   ownboard.net: 4.4/5 (32 reviews) [green] | themes: +4/-4
[11:10:01]   kukiringlobal.com: 4.2/5 (95 reviews) [green] | themes: +4/-2
[11:10:01]   kukirin-scooter.com: 3.0/5 (479 reviews) [yellow] | themes: +4/-3
[11:10:01]   kukirin.es: 3.1/5 (78 reviews) [yellow] | themes: +0/-0
[11:10:01]   kukirin-scooter.pl: 4.8/5 (47 reviews) [green] | themes: +0/-0
[11:10:01]   spelling.dk: 4.8/5 (75 reviews) [green] | themes: +1/-0
[11:10:01]   kukirin-escooter.com: 4.6/5 (417 reviews) [green] | themes: +4/-1
[11:10:01]   ku-kirin.it: 4.6/5 (35 reviews) [green] | themes: +0/-0
[11:10:01]   kukirin-escooters.com: 4.5/5 (148 reviews) [green] | themes: +4/-1
[11:10:01]   kukirin-it.com: 4.4/5 (19 reviews) [green] | themes: +1/-0
[11:10:01]   kukirin-officiel.com: 3.7/5 (22 reviews) [yellow] | themes: +0/-0
[11:10:01]   kugooescooters.com: 3.7/5 (1286 reviews) [yellow] | themes: +4/-2
[11:10:01]   kugoo-spain.com: 1.7/5 (304 reviews) [red] | themes: +4/-1
[11:10:01]   kugoo-scooter.com: 1.4/5 (189 reviews) [red] | themes: +4/-4
[11:10:01]   kugoo.eu: 3.6/5 (79 reviews) [yellow] | themes: +4/-3
[11:10:01]   officialkugookukirin.co.uk: 4.0/5 (26 reviews) [green] | themes: +4/-1
[11:10:01]   kugooscooter.uk: 1.8/5 (19 reviews) [red] | themes: +4/-3
[11:10:01]   kugookirineu.com: 2.7/5 (15 reviews) [red] | themes: +2/-0
[11:10:01]   kugoo-escooter.com: 3.9/5 (14 reviews) [yellow] | themes: +4/-3
[11:10:01]   kukirin-escooter.eu: 4.3/5 (7 reviews) [green] | themes: +1/-0
[11:10:01]   kukirintrottinette.com: 4.0/5 (4 reviews) [green] | themes: +1/-0
[11:10:01]   kukirinescooter.co.uk: 4.0/5 (4 reviews) [green] | themes: +4/-0
[11:10:01]   kukirin.se: 3.6/5 (3 reviews) [yellow] | themes: +0/-0
[11:10:01]   kukirin.eu: 3.8/5 (2 reviews) [yellow] | themes: +4/-0
[11:10:01]   kukirin.pt: 2.9/5 (2 reviews) [red] | themes: +0/-0
[11:10:01]   kukirin.ca: 3.7/5 (1 reviews) [yellow] | themes: +0/-0
[11:10:01]   kukirin.com: 3.2/5 (1 reviews) [yellow] | themes: +0/-0
[11:10:01]   kukirin-eu.com: 3.6/5 (1 reviews) [yellow] | themes: +0/-0
[11:10:01]   kukirinscooter.eu: 3.2/5 (1 reviews) [yellow] | themes: +0/-0
[11:10:01]   kukirin-italy.com: 4.4/5 (12 reviews) [green] | themes: +1/-0
[11:10:01]   kukirin-geneve.ch: skipped (no data)
[11:10:01]   kukirin-hrvatska.com: skipped (no data)
[11:10:01]   kukirinpl.com: skipped (no data)
[11:10:01]   kukirinro.com: skipped (no data)
[11:10:01]   kukirinescootereu.com: skipped (no data)
[11:10:01]   kukirinprime.com: skipped (no data)
[11:10:01]   kukirinscooter-eu.com: skipped (no data)
[11:10:01]   kukirinofficial.com: skipped (no data)
[11:10:01]   kugooescooter.com: 3.6/5 (9 reviews) [yellow] | themes: +2/-2
[11:10:01]   kugoofrance.com: 3.8/5 (3 reviews) [yellow] | themes: +0/-0
[11:10:01]   kugoo-officiel.com: 2.9/5 (2 reviews) [red] | themes: +0/-0
[11:10:01]   kugoo-ireland.com: 3.2/5 (1 reviews) [yellow] | themes: +4/-1
[11:10:01]   kugoousa.com: 3.2/5 (1 reviews) [yellow] | themes: +0/-0
[11:10:01]   kugooscooter-uk.com: 3.7/5 (1 reviews) [yellow] | themes: +1/-0
[11:10:01]   kugooitaly.com: skipped (no data)
[11:10:01]   kugookukirin.com: skipped (no data)
[11:10:01]   kukirin-fr.com: skipped (no data)
[11:10:01]   kukirinscooter-uk.com: 2.4/5 (41 reviews) [red] | themes: +4/-3
[11:10:01] Aggregated 48/59 brands
[11:10:01] Saved 513 review samples to 2026-06-18-reviews.json
[11:10:01] [4/4] Merging & deploying...
[11:10:01] Merged deep analysis from: 2026-06-18.json
[11:10:01] Upgrade recommended: 评论总量4423条 > 500条阈值，建议全量分析; 风险品牌评分在2.0-3.5区间: exwayboard.com(2.6), exwayboardusa.com(2.6), backfireboards.com(3.2); 10个品牌评论≥100条，竞品密度适合深度对比
[11:10:01] JSON: D:\Ai\projects\trustpilot\trustpilot-voc\2026-06-18.json
[11:10:01] Skipping inject (--no-inject, pipeline will handle)
[11:10:01] Reddit data: 2026-06-18-reddit.json → reddit.json
[11:10:01] Skipping deploy (--no-inject, pipeline will handle)
[11:10:01] === Done ===
[11:10:01] URL: https://trustpilot-voc.vercel.app
[11:35:39] === Trustpilot VOC Auto-Scan 2026-06-18 ===
[11:35:39] Focus: meepoboard-eu.com, 59 brands across 59 URLs
[11:35:39] [1/4] Direct browser scraping...
[11:35:39] Launching browser (undetected-chromedriver)...
[11:35:56]   [1/59] meepoboard-eu.com...
[11:36:41]     ERROR: Message: timeout: Timed out receiving message from renderer: 43.131
  (Session info: chrome=149.0.7827.114)
Stacktrace:

[11:36:41]   [2/59] meepoboard.com...
[11:36:53]     No data extracted
[11:36:53]   [3/59] exwayboard.com...
[11:36:58]     No data extracted
[11:36:58]   [4/59] exwayboardusa.com...
[11:37:03]     No data extracted
[11:37:03]   [5/59] backfireboards.com...
[11:37:08]     No data extracted
[11:37:08]   [6/59] backfireboardsusa.com...
[11:37:12]     No data extracted
[11:37:12]   [7/59] maxfind.com...
[11:37:24]     3.9/5, 136 reviews, 20 scraped
[11:37:26]   [8/59] evolveskateboards.com.au...
[11:37:35]     2.6/5, 156 reviews, 20 scraped
[11:37:37]   [9/59] evolveskateboardsuk.co.uk...
[11:37:43]     2.2/5, 15 reviews, 15 scraped
[11:37:45]   [10/59] evolveskateboardsusa.com...
[11:37:51]     2.1/5, 14 reviews, 13 scraped
[11:37:53]   [11/59] tyneeboard.com...
[11:37:58]     4.8/5, 127 reviews, 20 scraped
[11:38:00]   [12/59] ownboard.net...
[11:38:07]     4.4/5, 32 reviews, 20 scraped
[11:38:09]   [13/59] kukiringlobal.com...
[11:38:15]     4.2/5, 95 reviews, 20 scraped
[11:38:17]   [14/59] kukirin-scooter.com...
[11:38:23]     3.0/5, 479 reviews, 20 scraped
[11:38:25]   [15/59] kukirin.es...
[11:38:31]     3.1/5, 78 reviews, 2 scraped
[11:38:33]   [16/59] kukirin-scooter.pl...
[11:38:39]     4.8/5, 47 reviews, 20 scraped
[11:38:41]   [17/59] spelling.dk...
[11:38:47]     4.8/5, 75 reviews, 2 scraped
[11:38:49]   [18/59] kukirin-escooter.com...
[11:38:54]     4.6/5, 417 reviews, 20 scraped
[11:38:56]   [19/59] ku-kirin.it...
[11:39:02]     4.6/5, 35 reviews, 20 scraped
[11:39:04]   [20/59] kukirin-escooters.com...
[11:39:09]     4.5/5, 148 reviews, 20 scraped
[11:39:11]   [21/59] kukirin-it.com...
[11:39:16]     4.4/5, 19 reviews, 3 scraped
[11:39:18]   [22/59] kukirin-officiel.com...
[11:39:23]     3.7/5, 22 reviews, 1 scraped
[11:39:25]   [23/59] kugooescooters.com...
[11:39:31]     3.7/5, 1286 reviews, 20 scraped
[11:39:33]   [24/59] kugoo-spain.com...
[11:39:38]     1.7/5, 304 reviews, 6 scraped
[11:39:40]   [25/59] kugoo-scooter.com...
[11:39:46]     1.4/5, 189 reviews, 20 scraped
[11:39:48]   [26/59] kugoo.eu...
[11:39:54]     3.6/5, 79 reviews, 20 scraped
[11:39:56]   [27/59] officialkugookukirin.co.uk...
[11:40:02]     4.0/5, 26 reviews, 20 scraped
[11:40:04]   [28/59] kugooscooter.uk...
[11:40:09]     1.8/5, 19 reviews, 19 scraped
[11:40:11]   [29/59] kugookirineu.com...
[11:40:17]     2.7/5, 15 reviews, 7 scraped
[11:40:19]   [30/59] kugoo-escooter.com...
[11:40:24]     3.9/5, 14 reviews, 13 scraped
[11:40:26]   [31/59] kukirin-escooter.eu...
[11:40:31]     4.3/5, 7 reviews, 3 scraped
[11:40:33]   [32/59] kukirintrottinette.com...
[11:40:39]     4.0/5, 4 reviews, 4 scraped
[11:40:41]   [33/59] kukirinescooter.co.uk...
[11:40:47]     4.0/5, 4 reviews, 4 scraped
[11:40:49]   [34/59] kukirin.se...
[11:40:54]     3.6/5, 3 reviews, 3 scraped
[11:40:56]   [35/59] kukirin.eu...
[11:41:01]     3.8/5, 2 reviews, 2 scraped
[11:41:03]   [36/59] kukirin.pt...
[11:41:09]     2.9/5, 2 reviews, 2 scraped
[11:41:11]   [37/59] kukirin.ca...
[11:41:17]     3.7/5, 1 reviews, 1 scraped
[11:41:19]   [38/59] kukirin.com...
[11:41:24]     3.2/5, 1 reviews, 1 scraped
[11:41:26]   [39/59] kukirin-eu.com...
[11:41:31]     3.6/5, 1 reviews, 1 scraped
[11:41:33]   [40/59] kukirinscooter.eu...
[11:41:38]     3.2/5, 1 reviews, 1 scraped
[11:41:40]   [41/59] kukirin-italy.com...
[11:41:46]     4.4/5, 12 reviews, 12 scraped
[11:41:48]   [42/59] kukirin-geneve.ch...
[11:41:54]     No data extracted
[11:41:54]   [43/59] kukirin-hrvatska.com...
[11:41:59]     No data extracted
[11:41:59]   [44/59] kukirinpl.com...
[11:42:04]     No data extracted
[11:42:04]   [45/59] kukirinro.com...
[11:42:10]     No data extracted
[11:42:10]   [46/59] kukirinescootereu.com...
[11:42:16]     No data extracted
[11:42:16]   [47/59] kukirinprime.com...
[11:42:40]     No data extracted
[11:42:40]   [48/59] kukirinscooter-eu.com...
[11:42:47]     No data extracted
[11:42:47]   [49/59] kukirinofficial.com...
[11:42:52]     No data extracted
[11:42:52]   [50/59] kugooescooter.com...
[11:42:57]     3.6/5, 9 reviews, 4 scraped
[11:42:59]   [51/59] kugoofrance.com...
[11:43:05]     3.8/5, 3 reviews, 3 scraped
[11:43:07]   [52/59] kugoo-officiel.com...
[11:43:12]     2.9/5, 2 reviews, 2 scraped
[11:43:14]   [53/59] kugoo-ireland.com...
[11:43:20]     3.2/5, 1 reviews, 1 scraped
[11:43:22]   [54/59] kugoousa.com...
[11:43:27]     3.2/5, 1 reviews, 1 scraped
[11:43:29]   [55/59] kugooscooter-uk.com...
[11:43:34]     3.7/5, 1 reviews, 1 scraped
[11:43:36]   [56/59] kugooitaly.com...
[11:43:41]     No data extracted
[11:43:41]   [57/59] kugookukirin.com...
[11:43:46]     No data extracted
[11:43:46]   [58/59] kukirin-fr.com...
[11:43:52]     No data extracted
[11:43:52]   [59/59] kukirinscooter-uk.com...
[11:43:58]     2.4/5, 41 reviews, 20 scraped
[11:44:01] Scrape done: 427 reviews total, 42 brands, 17 failed
[11:44:01] [2/4] Fetching complete.
[11:44:01] [3/4] Aggregating brand stats...
[11:44:01]   meepoboard-eu.com: skipped (no data)
[11:44:01]   meepoboard.com: skipped (no data)
[11:44:01]   exwayboard.com: skipped (no data)
[11:44:01]   exwayboardusa.com: skipped (no data)
[11:44:01]   backfireboards.com: skipped (no data)
[11:44:01]   backfireboardsusa.com: skipped (no data)
[11:44:01]   maxfind.com: 3.9/5 (136 reviews) [yellow] | themes: +4/-4
[11:44:01]   evolveskateboards.com.au: 2.6/5 (156 reviews) [red] | themes: +4/-4
[11:44:01]   evolveskateboardsuk.co.uk: 2.2/5 (15 reviews) [red] | themes: +4/-4
[11:44:01]   evolveskateboardsusa.com: 2.1/5 (14 reviews) [red] | themes: +4/-4
[11:44:01]   tyneeboard.com: 4.8/5 (127 reviews) [green] | themes: +4/-2
[11:44:01]   ownboard.net: 4.4/5 (32 reviews) [green] | themes: +4/-4
[11:44:01]   kukiringlobal.com: 4.2/5 (95 reviews) [green] | themes: +4/-2
[11:44:01]   kukirin-scooter.com: 3.0/5 (479 reviews) [yellow] | themes: +4/-3
[11:44:01]   kukirin.es: 3.1/5 (78 reviews) [yellow] | themes: +0/-0
[11:44:01]   kukirin-scooter.pl: 4.8/5 (47 reviews) [green] | themes: +0/-0
[11:44:01]   spelling.dk: 4.8/5 (75 reviews) [green] | themes: +1/-0
[11:44:01]   kukirin-escooter.com: 4.6/5 (417 reviews) [green] | themes: +4/-1
[11:44:01]   ku-kirin.it: 4.6/5 (35 reviews) [green] | themes: +0/-0
[11:44:01]   kukirin-escooters.com: 4.5/5 (148 reviews) [green] | themes: +4/-1
[11:44:01]   kukirin-it.com: 4.4/5 (19 reviews) [green] | themes: +1/-0
[11:44:01]   kukirin-officiel.com: 3.7/5 (22 reviews) [yellow] | themes: +0/-0
[11:44:01]   kugooescooters.com: 3.7/5 (1286 reviews) [yellow] | themes: +4/-2
[11:44:01]   kugoo-spain.com: 1.7/5 (304 reviews) [red] | themes: +4/-1
[11:44:01]   kugoo-scooter.com: 1.4/5 (189 reviews) [red] | themes: +4/-4
[11:44:01]   kugoo.eu: 3.6/5 (79 reviews) [yellow] | themes: +4/-3
[11:44:01]   officialkugookukirin.co.uk: 4.0/5 (26 reviews) [green] | themes: +4/-1
[11:44:01]   kugooscooter.uk: 1.8/5 (19 reviews) [red] | themes: +4/-3
[11:44:01]   kugookirineu.com: 2.7/5 (15 reviews) [red] | themes: +2/-0
[11:44:01]   kugoo-escooter.com: 3.9/5 (14 reviews) [yellow] | themes: +4/-3
[11:44:01]   kukirin-escooter.eu: 4.3/5 (7 reviews) [green] | themes: +1/-0
[11:44:01]   kukirintrottinette.com: 4.0/5 (4 reviews) [green] | themes: +1/-0
[11:44:01]   kukirinescooter.co.uk: 4.0/5 (4 reviews) [green] | themes: +4/-0
[11:44:01]   kukirin.se: 3.6/5 (3 reviews) [yellow] | themes: +0/-0
[11:44:01]   kukirin.eu: 3.8/5 (2 reviews) [yellow] | themes: +4/-0
[11:44:01]   kukirin.pt: 2.9/5 (2 reviews) [red] | themes: +0/-0
[11:44:01]   kukirin.ca: 3.7/5 (1 reviews) [yellow] | themes: +0/-0
[11:44:01]   kukirin.com: 3.2/5 (1 reviews) [yellow] | themes: +0/-0
[11:44:01]   kukirin-eu.com: 3.6/5 (1 reviews) [yellow] | themes: +0/-0
[11:44:01]   kukirinscooter.eu: 3.2/5 (1 reviews) [yellow] | themes: +0/-0
[11:44:01]   kukirin-italy.com: 4.4/5 (12 reviews) [green] | themes: +1/-0
[11:44:01]   kukirin-geneve.ch: skipped (no data)
[11:44:01]   kukirin-hrvatska.com: skipped (no data)
[11:44:01]   kukirinpl.com: skipped (no data)
[11:44:01]   kukirinro.com: skipped (no data)
[11:44:01]   kukirinescootereu.com: skipped (no data)
[11:44:01]   kukirinprime.com: skipped (no data)
[11:44:01]   kukirinscooter-eu.com: skipped (no data)
[11:44:01]   kukirinofficial.com: skipped (no data)
[11:44:01]   kugooescooter.com: 3.6/5 (9 reviews) [yellow] | themes: +2/-2
[11:44:01]   kugoofrance.com: 3.8/5 (3 reviews) [yellow] | themes: +0/-0
[11:44:01]   kugoo-officiel.com: 2.9/5 (2 reviews) [red] | themes: +0/-0
[11:44:01]   kugoo-ireland.com: 3.2/5 (1 reviews) [yellow] | themes: +4/-1
[11:44:01]   kugoousa.com: 3.2/5 (1 reviews) [yellow] | themes: +0/-0
[11:44:01]   kugooscooter-uk.com: 3.7/5 (1 reviews) [yellow] | themes: +1/-0
[11:44:01]   kugooitaly.com: skipped (no data)
[11:44:01]   kugookukirin.com: skipped (no data)
[11:44:01]   kukirin-fr.com: skipped (no data)
[11:44:01]   kukirinscooter-uk.com: 2.4/5 (41 reviews) [red] | themes: +4/-3
[11:44:01] Aggregated 42/59 brands
[11:44:01] Saved 427 review samples to 2026-06-18-reviews.json
[11:44:01] [4/4] Merging & deploying...
[11:44:01] Merged deep analysis from: 2026-06-18.json
[11:44:01] Upgrade recommended: 评论总量3923条 > 500条阈值，建议全量分析; 风险品牌评分在2.0-3.5区间: evolveskateboards.com.au(2.6), evolveskateboardsuk.co.uk(2.2), evolveskateboardsusa.com(2.1); 9个品牌评论≥100条，竞品密度适合深度对比
[11:44:01] JSON: D:\Ai\projects\trustpilot\trustpilot-voc\2026-06-18.json
[11:44:01] Skipping inject (--no-inject, pipeline will handle)
[11:44:01] Reddit data: 2026-06-18-reddit.json → reddit.json
[11:44:01] Skipping deploy (--no-inject, pipeline will handle)
[11:44:01] === Done ===
[11:44:01] URL: https://trustpilot-voc.vercel.app
